<html>
<body>
<pre>
<h1>礦ision Build Log</h1>
<h2>Project:</h2>
D:\定位系统资料\GPS扩展资料\GPS扩展资料\GPS+GSM配合\STM32\Project\STM32F103.uvproj
Project File Date:  02/08/2016

<h2>Output:</h2>
Build target 'Target 1'
compiling main.c...
..\code\main.c(124): warning:  #167-D: argument of type "char *" is incompatible with parameter of type "unsigned char *"
..\code\main.c(144): warning:  #167-D: argument of type "char *" is incompatible with parameter of type "unsigned char *"
linking...
Program Size: Code=10640 RO-data=336 RW-data=72 ZI-data=2768  
FromELF: creating hex file...
"..\Hex\stm32.axf" - 0 Error(s), 2 Warning(s).
Build target 'Target 1'
compiling main.c...
linking...
Program Size: Code=10640 RO-data=336 RW-data=72 ZI-data=2768  
FromELF: creating hex file...
"..\Hex\stm32.axf" - 0 Error(s), 0 Warning(s).
Rebuild target 'Target 1'
compiling main.c...
compiling stm32_it.c...
compiling delay.c...
compiling gps.c...
compiling usart2.c...
compiling usart1.c...
..\code\usart1.c(134): warning:  #223-D: function "sprintf" declared implicitly
compiling core_cm3.c...
compiling system_stm32f10x.c...
compiling misc.c...
compiling stm32f10x_adc.c...
compiling stm32f10x_bkp.c...
compiling stm32f10x_can.c...
compiling stm32f10x_cec.c...
compiling stm32f10x_crc.c...
compiling stm32f10x_dac.c...
compiling stm32f10x_dbgmcu.c...
compiling stm32f10x_dma.c...
compiling stm32f10x_exti.c...
compiling stm32f10x_flash.c...
compiling stm32f10x_fsmc.c...
compiling stm32f10x_gpio.c...
compiling stm32f10x_i2c.c...
compiling stm32f10x_iwdg.c...
compiling stm32f10x_pwr.c...
compiling stm32f10x_rcc.c...
compiling stm32f10x_rtc.c...
compiling stm32f10x_sdio.c...
compiling stm32f10x_spi.c...
compiling stm32f10x_tim.c...
compiling stm32f10x_usart.c...
compiling stm32f10x_wwdg.c...
assembling startup_stm32f10x_hd.s...
linking...
Program Size: Code=10660 RO-data=336 RW-data=72 ZI-data=2768  
FromELF: creating hex file...
"..\Hex\stm32.axf" - 0 Error(s), 1 Warning(s).
Load "..\\Hex\\stm32.AXF" 
Rebuild target 'Target 1'
compiling main.c...
compiling stm32_it.c...
compiling delay.c...
compiling gps.c...
compiling usart2.c...
compiling usart1.c...
..\code\usart1.c(134): warning:  #223-D: function "sprintf" declared implicitly
compiling core_cm3.c...
compiling system_stm32f10x.c...
compiling misc.c...
compiling stm32f10x_adc.c...
compiling stm32f10x_bkp.c...
compiling stm32f10x_can.c...
compiling stm32f10x_cec.c...
compiling stm32f10x_crc.c...
compiling stm32f10x_dac.c...
compiling stm32f10x_dbgmcu.c...
compiling stm32f10x_dma.c...
compiling stm32f10x_exti.c...
compiling stm32f10x_flash.c...
compiling stm32f10x_fsmc.c...
compiling stm32f10x_gpio.c...
compiling stm32f10x_i2c.c...
compiling stm32f10x_iwdg.c...
compiling stm32f10x_pwr.c...
compiling stm32f10x_rcc.c...
compiling stm32f10x_rtc.c...
compiling stm32f10x_sdio.c...
compiling stm32f10x_spi.c...
compiling stm32f10x_tim.c...
compiling stm32f10x_usart.c...
compiling stm32f10x_wwdg.c...
assembling startup_stm32f10x_hd.s...
linking...
Program Size: Code=10652 RO-data=336 RW-data=72 ZI-data=2768  
FromELF: creating hex file...
"..\Hex\stm32.axf" - 0 Error(s), 1 Warning(s).
Load "..\\Hex\\stm32.AXF" 
