<html>
<body>
<pre>
<h1>礦ision Build Log</h1>
<h2>Project:</h2>
D:\定位系统资料\GPS扩展资料\GPS扩展资料\GPS+GSM配合\STM32\Project\STM32F103.uvproj
Project File Date:  02/08/2016

<h2>Output:</h2>
Rebuild target 'Target 1'
compiling main.c...
..\code\main.c(61): warning:  #181-D: argument is incompatible with corresponding format string conversion
..\code\main.c(62): warning:  #181-D: argument is incompatible with corresponding format string conversion
..\code\main.c(62): warning:  #225-D: the format string ends before this argument
..\code\main.c(33): warning:  #550-D: variable "la" was set but never used
..\code\main.c(33): warning:  #550-D: variable "lo" was set but never used
..\code\main.c(211): warning:  #167-D: argument of type "char *" is incompatible with parameter of type "unsigned char *"
compiling stm32_it.c...
compiling delay.c...
compiling gps.c...
..\code\gps.c(144): warning:  #550-D: variable "address_buf" was set but never used
..\code\gps.c(144): warning:  #177-D: variable "end_buf" was declared but never referenced
..\code\gps.c(144): warning:  #177-D: variable "decimal_places" was declared but never referenced
..\code\gps.c(145): warning:  #177-D: variable "temp" was declared but never referenced
..\code\gps.c(146): warning:  #177-D: variable "rs" was declared but never referenced
compiling usart2.c...
compiling usart1.c...
..\code\usart1.c(135): warning:  #223-D: function "sprintf" declared implicitly
compiling core_cm3.c...
compiling system_stm32f10x.c...
compiling misc.c...
compiling stm32f10x_adc.c...
compiling stm32f10x_bkp.c...
compiling stm32f10x_can.c...
compiling stm32f10x_cec.c...
compiling stm32f10x_crc.c...
compiling stm32f10x_dac.c...
compiling stm32f10x_dbgmcu.c...
compiling stm32f10x_dma.c...
compiling stm32f10x_exti.c...
compiling stm32f10x_flash.c...
compiling stm32f10x_fsmc.c...
compiling stm32f10x_gpio.c...
compiling stm32f10x_i2c.c...
compiling stm32f10x_iwdg.c...
compiling stm32f10x_pwr.c...
compiling stm32f10x_rcc.c...
compiling stm32f10x_rtc.c...
compiling stm32f10x_sdio.c...
compiling stm32f10x_spi.c...
compiling stm32f10x_tim.c...
compiling stm32f10x_usart.c...
compiling stm32f10x_wwdg.c...
assembling startup_stm32f10x_hd.s...
linking...
Program Size: Code=8752 RO-data=336 RW-data=84 ZI-data=2916  
FromELF: creating hex file...
"..\Hex\stm32.axf" - 0 Error(s), 12 Warning(s).
Load "..\\Hex\\stm32.AXF" 
Build target 'Target 1'
compiling main.c...
..\code\main.c(33): warning:  #550-D: variable "la" was set but never used
..\code\main.c(33): warning:  #550-D: variable "lo" was set but never used
..\code\main.c(211): warning:  #167-D: argument of type "char *" is incompatible with parameter of type "unsigned char *"
linking...
Program Size: Code=8748 RO-data=336 RW-data=84 ZI-data=2916  
FromELF: creating hex file...
"..\Hex\stm32.axf" - 0 Error(s), 3 Warning(s).
Load "..\\Hex\\stm32.AXF" 
Build target 'Target 1'
compiling main.c...
..\code\main.c(33): warning:  #550-D: variable "la" was set but never used
..\code\main.c(33): warning:  #550-D: variable "lo" was set but never used
..\code\main.c(212): warning:  #167-D: argument of type "char *" is incompatible with parameter of type "unsigned char *"
linking...
Program Size: Code=8756 RO-data=336 RW-data=84 ZI-data=2916  
FromELF: creating hex file...
"..\Hex\stm32.axf" - 0 Error(s), 3 Warning(s).
Load "..\\Hex\\stm32.AXF" 
Build target 'Target 1'
compiling main.c...
..\code\main.c(33): warning:  #550-D: variable "la" was set but never used
..\code\main.c(33): warning:  #550-D: variable "lo" was set but never used
..\code\main.c(212): warning:  #167-D: argument of type "char *" is incompatible with parameter of type "unsigned char *"
linking...
Program Size: Code=8756 RO-data=336 RW-data=84 ZI-data=2916  
FromELF: creating hex file...
"..\Hex\stm32.axf" - 0 Error(s), 3 Warning(s).
Load "..\\Hex\\stm32.AXF" 
