<html>
<body>
<pre>
<h1>礦ision Build Log</h1>
<h2>Project:</h2>
D:\定位系统资料\GPS扩展资料\GPS扩展资料\GPS+GSM配合\STM32\Project\STM32F103.uvproj
Project File Date:  02/08/2016

<h2>Output:</h2>
Build target 'Target 1'
compiling main.c...
compiling usart1.c...
..\code\usart1.c(135): warning:  #223-D: function "sprintf" declared implicitly
linking...
Program Size: Code=11252 RO-data=336 RW-data=72 ZI-data=2920  
FromELF: creating hex file...
"..\Hex\stm32.axf" - 0 Error(s), 1 Warning(s).
Rebuild target 'Target 1'
compiling main.c...
compiling stm32_it.c...
compiling delay.c...
compiling gps.c...
..\code\gps.c(144): warning:  #550-D: variable "address_buf" was set but never used
..\code\gps.c(144): warning:  #177-D: variable "end_buf" was declared but never referenced
..\code\gps.c(144): warning:  #177-D: variable "decimal_places" was declared but never referenced
..\code\gps.c(145): warning:  #177-D: variable "temp" was declared but never referenced
..\code\gps.c(146): warning:  #177-D: variable "rs" was declared but never referenced
compiling usart2.c...
compiling usart1.c...
..\code\usart1.c(135): warning:  #223-D: function "sprintf" declared implicitly
compiling core_cm3.c...
compiling system_stm32f10x.c...
compiling misc.c...
compiling stm32f10x_adc.c...
compiling stm32f10x_bkp.c...
compiling stm32f10x_can.c...
compiling stm32f10x_cec.c...
compiling stm32f10x_crc.c...
compiling stm32f10x_dac.c...
compiling stm32f10x_dbgmcu.c...
compiling stm32f10x_dma.c...
compiling stm32f10x_exti.c...
compiling stm32f10x_flash.c...
compiling stm32f10x_fsmc.c...
compiling stm32f10x_gpio.c...
compiling stm32f10x_i2c.c...
compiling stm32f10x_iwdg.c...
compiling stm32f10x_pwr.c...
compiling stm32f10x_rcc.c...
compiling stm32f10x_rtc.c...
compiling stm32f10x_sdio.c...
compiling stm32f10x_spi.c...
compiling stm32f10x_tim.c...
compiling stm32f10x_usart.c...
compiling stm32f10x_wwdg.c...
assembling startup_stm32f10x_hd.s...
linking...
Program Size: Code=11252 RO-data=336 RW-data=72 ZI-data=2920  
FromELF: creating hex file...
"..\Hex\stm32.axf" - 0 Error(s), 6 Warning(s).
Load "..\\Hex\\stm32.AXF" 
Build target 'Target 1'
compiling main.c...
linking...
Program Size: Code=11240 RO-data=336 RW-data=72 ZI-data=2920  
FromELF: creating hex file...
"..\Hex\stm32.axf" - 0 Error(s), 0 Warning(s).
Build target 'Target 1'
compiling main.c...
..\code\main.c(160): error:  #20: identifier "GSM_Get_Error" is undefined
..\code\main.c(164): error:  #20: identifier "GSM_Ana_Error" is undefined
..\code\main.c(168): warning:  #174-D: expression has no effect
..\code\main.c(171): error:  #20: identifier "GSM_Ana_Error" is undefined
..\code\main.c(172): error:  #20: identifier "GSM_Get_Error" is undefined
..\code\main.c(177): warning:  #167-D: argument of type "char *" is incompatible with parameter of type "unsigned char *"
compiling usart1.c...
..\code\usart1.c(135): warning:  #223-D: function "sprintf" declared implicitly
..\code\usart1.c(163): error:  #147: declaration is incompatible with "void GSM_Msg_Send(unsigned char *)" (declared at line 20 of "..\code\usart1.h")
..\code\usart1.c(180): warning:  #236-D: controlling expression is constant
..\code\usart1.c(182): warning:  #111-D: statement is unreachable
Target not created
Build target 'Target 1'
compiling main.c...
..\code\main.c(160): error:  #20: identifier "GSM_Get_Error" is undefined
..\code\main.c(164): error:  #20: identifier "GSM_Ana_Error" is undefined
..\code\main.c(168): warning:  #174-D: expression has no effect
..\code\main.c(171): error:  #20: identifier "GSM_Ana_Error" is undefined
..\code\main.c(172): error:  #20: identifier "GSM_Get_Error" is undefined
..\code\main.c(177): warning:  #167-D: argument of type "char *" is incompatible with parameter of type "unsigned char *"
compiling usart1.c...
..\code\usart1.c(135): warning:  #223-D: function "sprintf" declared implicitly
..\code\usart1.c(180): warning:  #236-D: controlling expression is constant
..\code\usart1.c(182): warning:  #111-D: statement is unreachable
Target not created
Build target 'Target 1'
compiling main.c...
..\code\main.c(160): error:  #20: identifier "GSM_Get_Error" is undefined
..\code\main.c(164): error:  #20: identifier "GSM_Ana_Error" is undefined
..\code\main.c(168): warning:  #174-D: expression has no effect
..\code\main.c(171): error:  #20: identifier "GSM_Ana_Error" is undefined
..\code\main.c(172): error:  #20: identifier "GSM_Get_Error" is undefined
..\code\main.c(177): warning:  #167-D: argument of type "char *" is incompatible with parameter of type "unsigned char *"
compiling usart1.c...
..\code\usart1.c(135): warning:  #223-D: function "sprintf" declared implicitly
Target not created
Build target 'Target 1'
compiling main.c...
..\code\main.c(168): warning:  #174-D: expression has no effect
..\code\main.c(177): warning:  #167-D: argument of type "char *" is incompatible with parameter of type "unsigned char *"
linking...
Program Size: Code=11508 RO-data=336 RW-data=84 ZI-data=2916  
FromELF: creating hex file...
"..\Hex\stm32.axf" - 0 Error(s), 2 Warning(s).
Load "..\\Hex\\stm32.AXF" 
Rebuild target 'Target 1'
compiling main.c...
..\code\main.c(178): warning:  #167-D: argument of type "char *" is incompatible with parameter of type "unsigned char *"
compiling stm32_it.c...
compiling delay.c...
compiling gps.c...
..\code\gps.c(144): warning:  #550-D: variable "address_buf" was set but never used
..\code\gps.c(144): warning:  #177-D: variable "end_buf" was declared but never referenced
..\code\gps.c(144): warning:  #177-D: variable "decimal_places" was declared but never referenced
..\code\gps.c(145): warning:  #177-D: variable "temp" was declared but never referenced
..\code\gps.c(146): warning:  #177-D: variable "rs" was declared but never referenced
compiling usart2.c...
compiling usart1.c...
..\code\usart1.c(135): warning:  #223-D: function "sprintf" declared implicitly
compiling core_cm3.c...
compiling system_stm32f10x.c...
compiling misc.c...
compiling stm32f10x_adc.c...
compiling stm32f10x_bkp.c...
compiling stm32f10x_can.c...
compiling stm32f10x_cec.c...
compiling stm32f10x_crc.c...
compiling stm32f10x_dac.c...
compiling stm32f10x_dbgmcu.c...
compiling stm32f10x_dma.c...
compiling stm32f10x_exti.c...
compiling stm32f10x_flash.c...
compiling stm32f10x_fsmc.c...
compiling stm32f10x_gpio.c...
compiling stm32f10x_i2c.c...
compiling stm32f10x_iwdg.c...
compiling stm32f10x_pwr.c...
compiling stm32f10x_rcc.c...
compiling stm32f10x_rtc.c...
compiling stm32f10x_sdio.c...
compiling stm32f10x_spi.c...
compiling stm32f10x_tim.c...
compiling stm32f10x_usart.c...
compiling stm32f10x_wwdg.c...
assembling startup_stm32f10x_hd.s...
linking...
Program Size: Code=11508 RO-data=336 RW-data=84 ZI-data=2916  
FromELF: creating hex file...
"..\Hex\stm32.axf" - 0 Error(s), 7 Warning(s).
Load "..\\Hex\\stm32.AXF" 
Rebuild target 'Target 1'
compiling main.c...
..\code\main.c(196): warning:  #167-D: argument of type "char *" is incompatible with parameter of type "unsigned char *"
compiling stm32_it.c...
compiling delay.c...
compiling gps.c...
..\code\gps.c(144): warning:  #550-D: variable "address_buf" was set but never used
..\code\gps.c(144): warning:  #177-D: variable "end_buf" was declared but never referenced
..\code\gps.c(144): warning:  #177-D: variable "decimal_places" was declared but never referenced
..\code\gps.c(145): warning:  #177-D: variable "temp" was declared but never referenced
..\code\gps.c(146): warning:  #177-D: variable "rs" was declared but never referenced
compiling usart2.c...
compiling usart1.c...
..\code\usart1.c(135): warning:  #223-D: function "sprintf" declared implicitly
compiling core_cm3.c...
compiling system_stm32f10x.c...
compiling misc.c...
compiling stm32f10x_adc.c...
compiling stm32f10x_bkp.c...
compiling stm32f10x_can.c...
compiling stm32f10x_cec.c...
compiling stm32f10x_crc.c...
compiling stm32f10x_dac.c...
compiling stm32f10x_dbgmcu.c...
compiling stm32f10x_dma.c...
compiling stm32f10x_exti.c...
compiling stm32f10x_flash.c...
compiling stm32f10x_fsmc.c...
compiling stm32f10x_gpio.c...
compiling stm32f10x_i2c.c...
compiling stm32f10x_iwdg.c...
compiling stm32f10x_pwr.c...
compiling stm32f10x_rcc.c...
compiling stm32f10x_rtc.c...
compiling stm32f10x_sdio.c...
compiling stm32f10x_spi.c...
compiling stm32f10x_tim.c...
compiling stm32f10x_usart.c...
compiling stm32f10x_wwdg.c...
assembling startup_stm32f10x_hd.s...
linking...
Program Size: Code=11592 RO-data=336 RW-data=84 ZI-data=2916  
FromELF: creating hex file...
"..\Hex\stm32.axf" - 0 Error(s), 7 Warning(s).
Load "..\\Hex\\stm32.AXF" 
Rebuild target 'Target 1'
compiling main.c...
..\code\main.c(196): warning:  #167-D: argument of type "char *" is incompatible with parameter of type "unsigned char *"
compiling stm32_it.c...
compiling delay.c...
compiling gps.c...
..\code\gps.c(144): warning:  #550-D: variable "address_buf" was set but never used
..\code\gps.c(144): warning:  #177-D: variable "end_buf" was declared but never referenced
..\code\gps.c(144): warning:  #177-D: variable "decimal_places" was declared but never referenced
..\code\gps.c(145): warning:  #177-D: variable "temp" was declared but never referenced
..\code\gps.c(146): warning:  #177-D: variable "rs" was declared but never referenced
compiling usart2.c...
compiling usart1.c...
..\code\usart1.c(135): warning:  #223-D: function "sprintf" declared implicitly
compiling core_cm3.c...
compiling system_stm32f10x.c...
compiling misc.c...
compiling stm32f10x_adc.c...
compiling stm32f10x_bkp.c...
compiling stm32f10x_can.c...
compiling stm32f10x_cec.c...
compiling stm32f10x_crc.c...
compiling stm32f10x_dac.c...
compiling stm32f10x_dbgmcu.c...
compiling stm32f10x_dma.c...
compiling stm32f10x_exti.c...
compiling stm32f10x_flash.c...
compiling stm32f10x_fsmc.c...
compiling stm32f10x_gpio.c...
compiling stm32f10x_i2c.c...
compiling stm32f10x_iwdg.c...
compiling stm32f10x_pwr.c...
compiling stm32f10x_rcc.c...
compiling stm32f10x_rtc.c...
compiling stm32f10x_sdio.c...
compiling stm32f10x_spi.c...
compiling stm32f10x_tim.c...
compiling stm32f10x_usart.c...
compiling stm32f10x_wwdg.c...
assembling startup_stm32f10x_hd.s...
linking...
Program Size: Code=11592 RO-data=336 RW-data=84 ZI-data=2916  
FromELF: creating hex file...
"..\Hex\stm32.axf" - 0 Error(s), 7 Warning(s).
Load "..\\Hex\\stm32.AXF" 
Rebuild target 'Target 1'
compiling main.c...
..\code\main.c(57): warning:  #181-D: argument is incompatible with corresponding format string conversion
..\code\main.c(58): warning:  #181-D: argument is incompatible with corresponding format string conversion
..\code\main.c(33): warning:  #550-D: variable "la" was set but never used
..\code\main.c(33): warning:  #550-D: variable "lo" was set but never used
..\code\main.c(201): warning:  #167-D: argument of type "char *" is incompatible with parameter of type "unsigned char *"
compiling stm32_it.c...
compiling delay.c...
compiling gps.c...
..\code\gps.c(144): warning:  #550-D: variable "address_buf" was set but never used
..\code\gps.c(144): warning:  #177-D: variable "end_buf" was declared but never referenced
..\code\gps.c(144): warning:  #177-D: variable "decimal_places" was declared but never referenced
..\code\gps.c(145): warning:  #177-D: variable "temp" was declared but never referenced
..\code\gps.c(146): warning:  #177-D: variable "rs" was declared but never referenced
compiling usart2.c...
compiling usart1.c...
..\code\usart1.c(135): warning:  #223-D: function "sprintf" declared implicitly
compiling core_cm3.c...
compiling system_stm32f10x.c...
compiling misc.c...
compiling stm32f10x_adc.c...
compiling stm32f10x_bkp.c...
compiling stm32f10x_can.c...
compiling stm32f10x_cec.c...
compiling stm32f10x_crc.c...
compiling stm32f10x_dac.c...
compiling stm32f10x_dbgmcu.c...
compiling stm32f10x_dma.c...
compiling stm32f10x_exti.c...
compiling stm32f10x_flash.c...
compiling stm32f10x_fsmc.c...
compiling stm32f10x_gpio.c...
compiling stm32f10x_i2c.c...
compiling stm32f10x_iwdg.c...
compiling stm32f10x_pwr.c...
compiling stm32f10x_rcc.c...
compiling stm32f10x_rtc.c...
compiling stm32f10x_sdio.c...
compiling stm32f10x_spi.c...
compiling stm32f10x_tim.c...
compiling stm32f10x_usart.c...
compiling stm32f10x_wwdg.c...
assembling startup_stm32f10x_hd.s...
linking...
Program Size: Code=11480 RO-data=336 RW-data=84 ZI-data=2916  
FromELF: creating hex file...
"..\Hex\stm32.axf" - 0 Error(s), 11 Warning(s).
Load "..\\Hex\\stm32.AXF" 
Build target 'Target 1'
compiling main.c...
..\code\main.c(57): warning:  #181-D: argument is incompatible with corresponding format string conversion
..\code\main.c(58): warning:  #181-D: argument is incompatible with corresponding format string conversion
..\code\main.c(33): warning:  #550-D: variable "la" was set but never used
..\code\main.c(33): warning:  #550-D: variable "lo" was set but never used
..\code\main.c(201): warning:  #167-D: argument of type "char *" is incompatible with parameter of type "unsigned char *"
linking...
Program Size: Code=11488 RO-data=336 RW-data=84 ZI-data=2916  
FromELF: creating hex file...
"..\Hex\stm32.axf" - 0 Error(s), 5 Warning(s).
Load "..\\Hex\\stm32.AXF" 
Rebuild target 'Target 1'
compiling main.c...
..\code\main.c(33): warning:  #550-D: variable "la" was set but never used
..\code\main.c(33): warning:  #550-D: variable "lo" was set but never used
..\code\main.c(201): warning:  #167-D: argument of type "char *" is incompatible with parameter of type "unsigned char *"
compiling stm32_it.c...
compiling delay.c...
compiling gps.c...
..\code\gps.c(144): warning:  #550-D: variable "address_buf" was set but never used
..\code\gps.c(144): warning:  #177-D: variable "end_buf" was declared but never referenced
..\code\gps.c(144): warning:  #177-D: variable "decimal_places" was declared but never referenced
..\code\gps.c(145): warning:  #177-D: variable "temp" was declared but never referenced
..\code\gps.c(146): warning:  #177-D: variable "rs" was declared but never referenced
compiling usart2.c...
compiling usart1.c...
..\code\usart1.c(135): warning:  #223-D: function "sprintf" declared implicitly
compiling core_cm3.c...
compiling system_stm32f10x.c...
compiling misc.c...
compiling stm32f10x_adc.c...
compiling stm32f10x_bkp.c...
compiling stm32f10x_can.c...
compiling stm32f10x_cec.c...
compiling stm32f10x_crc.c...
compiling stm32f10x_dac.c...
compiling stm32f10x_dbgmcu.c...
compiling stm32f10x_dma.c...
compiling stm32f10x_exti.c...
compiling stm32f10x_flash.c...
compiling stm32f10x_fsmc.c...
compiling stm32f10x_gpio.c...
compiling stm32f10x_i2c.c...
compiling stm32f10x_iwdg.c...
compiling stm32f10x_pwr.c...
compiling stm32f10x_rcc.c...
compiling stm32f10x_rtc.c...
compiling stm32f10x_sdio.c...
compiling stm32f10x_spi.c...
compiling stm32f10x_tim.c...
compiling stm32f10x_usart.c...
compiling stm32f10x_wwdg.c...
assembling startup_stm32f10x_hd.s...
linking...
Program Size: Code=9156 RO-data=336 RW-data=84 ZI-data=2916  
FromELF: creating hex file...
"..\Hex\stm32.axf" - 0 Error(s), 9 Warning(s).
Load "..\\Hex\\stm32.AXF" 
Build target 'Target 1'
compiling usart1.c...
..\code\usart1.c(135): warning:  #223-D: function "sprintf" declared implicitly
linking...
Program Size: Code=9156 RO-data=336 RW-data=84 ZI-data=2916  
FromELF: creating hex file...
"..\Hex\stm32.axf" - 0 Error(s), 1 Warning(s).
Load "..\\Hex\\stm32.AXF" 
Rebuild target 'Target 1'
compiling main.c...
..\code\main.c(33): warning:  #550-D: variable "la" was set but never used
..\code\main.c(33): warning:  #550-D: variable "lo" was set but never used
..\code\main.c(204): warning:  #167-D: argument of type "char *" is incompatible with parameter of type "unsigned char *"
compiling stm32_it.c...
compiling delay.c...
compiling gps.c...
..\code\gps.c(144): warning:  #550-D: variable "address_buf" was set but never used
..\code\gps.c(144): warning:  #177-D: variable "end_buf" was declared but never referenced
..\code\gps.c(144): warning:  #177-D: variable "decimal_places" was declared but never referenced
..\code\gps.c(145): warning:  #177-D: variable "temp" was declared but never referenced
..\code\gps.c(146): warning:  #177-D: variable "rs" was declared but never referenced
compiling usart2.c...
compiling usart1.c...
..\code\usart1.c(135): warning:  #223-D: function "sprintf" declared implicitly
compiling core_cm3.c...
compiling system_stm32f10x.c...
compiling misc.c...
compiling stm32f10x_adc.c...
compiling stm32f10x_bkp.c...
compiling stm32f10x_can.c...
compiling stm32f10x_cec.c...
compiling stm32f10x_crc.c...
compiling stm32f10x_dac.c...
compiling stm32f10x_dbgmcu.c...
compiling stm32f10x_dma.c...
compiling stm32f10x_exti.c...
compiling stm32f10x_flash.c...
compiling stm32f10x_fsmc.c...
compiling stm32f10x_gpio.c...
compiling stm32f10x_i2c.c...
compiling stm32f10x_iwdg.c...
compiling stm32f10x_pwr.c...
compiling stm32f10x_rcc.c...
compiling stm32f10x_rtc.c...
compiling stm32f10x_sdio.c...
compiling stm32f10x_spi.c...
compiling stm32f10x_tim.c...
compiling stm32f10x_usart.c...
compiling stm32f10x_wwdg.c...
assembling startup_stm32f10x_hd.s...
linking...
Program Size: Code=9184 RO-data=336 RW-data=84 ZI-data=2916  
FromELF: creating hex file...
"..\Hex\stm32.axf" - 0 Error(s), 9 Warning(s).
Load "..\\Hex\\stm32.AXF" 
Build target 'Target 1'
compiling main.c...
..\code\main.c(33): warning:  #550-D: variable "la" was set but never used
..\code\main.c(33): warning:  #550-D: variable "lo" was set but never used
..\code\main.c(204): warning:  #167-D: argument of type "char *" is incompatible with parameter of type "unsigned char *"
compiling usart1.c...
..\code\usart1.c(135): warning:  #223-D: function "sprintf" declared implicitly
..\code\usart1.c(202): error:  #65: expected a ";"
Target not created
Build target 'Target 1'
compiling usart1.c...
..\code\usart1.c(135): warning:  #223-D: function "sprintf" declared implicitly
..\code\usart1.c(202): error:  #65: expected a ";"
Target not created
Build target 'Target 1'
compiling usart1.c...
..\code\usart1.c(135): warning:  #223-D: function "sprintf" declared implicitly
linking...
Program Size: Code=9184 RO-data=336 RW-data=84 ZI-data=2916  
FromELF: creating hex file...
"..\Hex\stm32.axf" - 0 Error(s), 1 Warning(s).
Load "..\\Hex\\stm32.AXF" 
Rebuild target 'Target 1'
compiling main.c...
..\code\main.c(33): warning:  #550-D: variable "la" was set but never used
..\code\main.c(33): warning:  #550-D: variable "lo" was set but never used
..\code\main.c(205): warning:  #167-D: argument of type "char *" is incompatible with parameter of type "unsigned char *"
compiling stm32_it.c...
compiling delay.c...
compiling gps.c...
..\code\gps.c(144): warning:  #550-D: variable "address_buf" was set but never used
..\code\gps.c(144): warning:  #177-D: variable "end_buf" was declared but never referenced
..\code\gps.c(144): warning:  #177-D: variable "decimal_places" was declared but never referenced
..\code\gps.c(145): warning:  #177-D: variable "temp" was declared but never referenced
..\code\gps.c(146): warning:  #177-D: variable "rs" was declared but never referenced
compiling usart2.c...
compiling usart1.c...
..\code\usart1.c(135): warning:  #223-D: function "sprintf" declared implicitly
compiling core_cm3.c...
compiling system_stm32f10x.c...
compiling misc.c...
compiling stm32f10x_adc.c...
compiling stm32f10x_bkp.c...
compiling stm32f10x_can.c...
compiling stm32f10x_cec.c...
compiling stm32f10x_crc.c...
compiling stm32f10x_dac.c...
compiling stm32f10x_dbgmcu.c...
compiling stm32f10x_dma.c...
compiling stm32f10x_exti.c...
compiling stm32f10x_flash.c...
compiling stm32f10x_fsmc.c...
compiling stm32f10x_gpio.c...
compiling stm32f10x_i2c.c...
compiling stm32f10x_iwdg.c...
compiling stm32f10x_pwr.c...
compiling stm32f10x_rcc.c...
compiling stm32f10x_rtc.c...
compiling stm32f10x_sdio.c...
compiling stm32f10x_spi.c...
compiling stm32f10x_tim.c...
compiling stm32f10x_usart.c...
compiling stm32f10x_wwdg.c...
assembling startup_stm32f10x_hd.s...
linking...
Program Size: Code=9192 RO-data=336 RW-data=84 ZI-data=2916  
FromELF: creating hex file...
"..\Hex\stm32.axf" - 0 Error(s), 9 Warning(s).
Build target 'Target 1'
compiling main.c...
..\code\main.c(33): warning:  #550-D: variable "la" was set but never used
..\code\main.c(33): warning:  #550-D: variable "lo" was set but never used
..\code\main.c(205): warning:  #167-D: argument of type "char *" is incompatible with parameter of type "unsigned char *"
linking...
Program Size: Code=9184 RO-data=336 RW-data=84 ZI-data=2916  
FromELF: creating hex file...
"..\Hex\stm32.axf" - 0 Error(s), 3 Warning(s).
Load "..\\Hex\\stm32.AXF" 
Build target 'Target 1'
compiling usart1.c...
..\code\usart1.c(135): warning:  #223-D: function "sprintf" declared implicitly
linking...
Program Size: Code=9192 RO-data=336 RW-data=84 ZI-data=2916  
FromELF: creating hex file...
"..\Hex\stm32.axf" - 0 Error(s), 1 Warning(s).
Load "..\\Hex\\stm32.AXF" 
Build target 'Target 1'
compiling usart1.c...
..\code\usart1.c(135): warning:  #223-D: function "sprintf" declared implicitly
linking...
Program Size: Code=9192 RO-data=336 RW-data=84 ZI-data=2916  
FromELF: creating hex file...
"..\Hex\stm32.axf" - 0 Error(s), 1 Warning(s).
Build target 'Target 1'
compiling usart1.c...
..\code\usart1.c(135): warning:  #223-D: function "sprintf" declared implicitly
linking...
Program Size: Code=9192 RO-data=336 RW-data=84 ZI-data=2916  
FromELF: creating hex file...
"..\Hex\stm32.axf" - 0 Error(s), 1 Warning(s).
Load "..\\Hex\\stm32.AXF" 
Build target 'Target 1'
compiling main.c...
..\code\main.c(33): warning:  #550-D: variable "la" was set but never used
..\code\main.c(33): warning:  #550-D: variable "lo" was set but never used
..\code\main.c(206): warning:  #167-D: argument of type "char *" is incompatible with parameter of type "unsigned char *"
compiling usart1.c...
..\code\usart1.c(135): warning:  #223-D: function "sprintf" declared implicitly
..\code\usart1.c(183): warning:  #111-D: statement is unreachable
linking...
Program Size: Code=9176 RO-data=336 RW-data=84 ZI-data=2916  
FromELF: creating hex file...
"..\Hex\stm32.axf" - 0 Error(s), 5 Warning(s).
Build target 'Target 1'
compiling main.c...
..\code\main.c(33): warning:  #550-D: variable "la" was set but never used
..\code\main.c(33): warning:  #550-D: variable "lo" was set but never used
..\code\main.c(207): warning:  #167-D: argument of type "char *" is incompatible with parameter of type "unsigned char *"
compiling usart1.c...
..\code\usart1.c(135): warning:  #223-D: function "sprintf" declared implicitly
linking...
Program Size: Code=8784 RO-data=336 RW-data=84 ZI-data=2916  
FromELF: creating hex file...
"..\Hex\stm32.axf" - 0 Error(s), 4 Warning(s).
Load "..\\Hex\\stm32.AXF" 
Build target 'Target 1'
compiling main.c...
..\code\main.c(33): warning:  #550-D: variable "la" was set but never used
..\code\main.c(33): warning:  #550-D: variable "lo" was set but never used
..\code\main.c(207): warning:  #167-D: argument of type "char *" is incompatible with parameter of type "unsigned char *"
linking...
Program Size: Code=8784 RO-data=336 RW-data=84 ZI-data=2916  
FromELF: creating hex file...
"..\Hex\stm32.axf" - 0 Error(s), 3 Warning(s).
Load "..\\Hex\\stm32.AXF" 
Build target 'Target 1'
compiling usart1.c...
..\code\usart1.c(135): warning:  #223-D: function "sprintf" declared implicitly
linking...
Program Size: Code=8768 RO-data=336 RW-data=84 ZI-data=2916  
FromELF: creating hex file...
"..\Hex\stm32.axf" - 0 Error(s), 1 Warning(s).
Load "..\\Hex\\stm32.AXF" 
