<html>
<body>
<pre>
<h1>礦ision Build Log</h1>
<h2>Project:</h2>
D:\定位系统资料\GPS扩展资料\GPS扩展资料\GPS+GSM配合\STM32\Project\STM32F103.uvproj
Project File Date:  01/31/2016

<h2>Output:</h2>
Rebuild target 'Target 1'
compiling main.c...
compiling stm32_it.c...
compiling delay.c...
compiling gps.c...
compiling usart2.c...
compiling usart1.c...
..\code\usart1.c(94): warning:  #177-D: variable "Data_char_usart2" was declared but never referenced
compiling core_cm3.c...
compiling system_stm32f10x.c...
compiling misc.c...
compiling stm32f10x_adc.c...
compiling stm32f10x_bkp.c...
compiling stm32f10x_can.c...
compiling stm32f10x_cec.c...
compiling stm32f10x_crc.c...
compiling stm32f10x_dac.c...
compiling stm32f10x_dbgmcu.c...
compiling stm32f10x_dma.c...
compiling stm32f10x_exti.c...
compiling stm32f10x_flash.c...
compiling stm32f10x_fsmc.c...
compiling stm32f10x_gpio.c...
compiling stm32f10x_i2c.c...
compiling stm32f10x_iwdg.c...
compiling stm32f10x_pwr.c...
compiling stm32f10x_rcc.c...
compiling stm32f10x_rtc.c...
compiling stm32f10x_sdio.c...
compiling stm32f10x_spi.c...
compiling stm32f10x_tim.c...
compiling stm32f10x_usart.c...
compiling stm32f10x_wwdg.c...
assembling startup_stm32f10x_hd.s...
linking...
Program Size: Code=10744 RO-data=336 RW-data=72 ZI-data=3536  
FromELF: creating hex file...
"..\Hex\stm32.axf" - 0 Error(s), 1 Warning(s).
Load "..\\Hex\\stm32.AXF" 
Rebuild target 'Target 1'
compiling main.c...
compiling stm32_it.c...
compiling delay.c...
compiling gps.c...
compiling usart2.c...
compiling usart1.c...
..\code\usart1.c(94): warning:  #177-D: variable "Data_char_usart2" was declared but never referenced
compiling core_cm3.c...
compiling system_stm32f10x.c...
compiling misc.c...
compiling stm32f10x_adc.c...
compiling stm32f10x_bkp.c...
compiling stm32f10x_can.c...
compiling stm32f10x_cec.c...
compiling stm32f10x_crc.c...
compiling stm32f10x_dac.c...
compiling stm32f10x_dbgmcu.c...
compiling stm32f10x_dma.c...
compiling stm32f10x_exti.c...
compiling stm32f10x_flash.c...
compiling stm32f10x_fsmc.c...
compiling stm32f10x_gpio.c...
compiling stm32f10x_i2c.c...
compiling stm32f10x_iwdg.c...
compiling stm32f10x_pwr.c...
compiling stm32f10x_rcc.c...
compiling stm32f10x_rtc.c...
compiling stm32f10x_sdio.c...
compiling stm32f10x_spi.c...
compiling stm32f10x_tim.c...
compiling stm32f10x_usart.c...
compiling stm32f10x_wwdg.c...
assembling startup_stm32f10x_hd.s...
linking...
Program Size: Code=10724 RO-data=336 RW-data=72 ZI-data=3536  
FromELF: creating hex file...
"..\Hex\stm32.axf" - 0 Error(s), 1 Warning(s).
Load "..\\Hex\\stm32.AXF" 
Build target 'Target 1'
compiling main.c...
linking...
Program Size: Code=10724 RO-data=336 RW-data=72 ZI-data=3536  
FromELF: creating hex file...
"..\Hex\stm32.axf" - 0 Error(s), 0 Warning(s).
Load "..\\Hex\\stm32.AXF" 
Internal DLL Error
Load "..\\Hex\\stm32.AXF" 
Rebuild target 'Target 1'
compiling main.c...
compiling stm32_it.c...
compiling delay.c...
compiling gps.c...
compiling usart2.c...
compiling usart1.c...
..\code\usart1.c(94): warning:  #177-D: variable "Data_char_usart2" was declared but never referenced
compiling core_cm3.c...
compiling system_stm32f10x.c...
compiling misc.c...
compiling stm32f10x_adc.c...
compiling stm32f10x_bkp.c...
compiling stm32f10x_can.c...
compiling stm32f10x_cec.c...
compiling stm32f10x_crc.c...
compiling stm32f10x_dac.c...
compiling stm32f10x_dbgmcu.c...
compiling stm32f10x_dma.c...
compiling stm32f10x_exti.c...
compiling stm32f10x_flash.c...
compiling stm32f10x_fsmc.c...
compiling stm32f10x_gpio.c...
compiling stm32f10x_i2c.c...
compiling stm32f10x_iwdg.c...
compiling stm32f10x_pwr.c...
compiling stm32f10x_rcc.c...
compiling stm32f10x_rtc.c...
compiling stm32f10x_sdio.c...
compiling stm32f10x_spi.c...
compiling stm32f10x_tim.c...
compiling stm32f10x_usart.c...
compiling stm32f10x_wwdg.c...
assembling startup_stm32f10x_hd.s...
linking...
Program Size: Code=10724 RO-data=336 RW-data=72 ZI-data=3536  
FromELF: creating hex file...
"..\Hex\stm32.axf" - 0 Error(s), 1 Warning(s).
Load "..\\Hex\\stm32.AXF" 
Rebuild target 'Target 1'
compiling main.c...
compiling stm32_it.c...
compiling delay.c...
compiling gps.c...
compiling usart2.c...
compiling usart1.c...
..\code\usart1.c(94): warning:  #177-D: variable "Data_char_usart2" was declared but never referenced
compiling core_cm3.c...
compiling system_stm32f10x.c...
compiling misc.c...
compiling stm32f10x_adc.c...
compiling stm32f10x_bkp.c...
compiling stm32f10x_can.c...
compiling stm32f10x_cec.c...
compiling stm32f10x_crc.c...
compiling stm32f10x_dac.c...
compiling stm32f10x_dbgmcu.c...
compiling stm32f10x_dma.c...
compiling stm32f10x_exti.c...
compiling stm32f10x_flash.c...
compiling stm32f10x_fsmc.c...
compiling stm32f10x_gpio.c...
compiling stm32f10x_i2c.c...
compiling stm32f10x_iwdg.c...
compiling stm32f10x_pwr.c...
compiling stm32f10x_rcc.c...
compiling stm32f10x_rtc.c...
compiling stm32f10x_sdio.c...
compiling stm32f10x_spi.c...
compiling stm32f10x_tim.c...
compiling stm32f10x_usart.c...
compiling stm32f10x_wwdg.c...
assembling startup_stm32f10x_hd.s...
linking...
Program Size: Code=10696 RO-data=336 RW-data=72 ZI-data=3536  
FromELF: creating hex file...
"..\Hex\stm32.axf" - 0 Error(s), 1 Warning(s).
Rebuild target 'Target 1'
compiling main.c...
compiling stm32_it.c...
compiling delay.c...
compiling gps.c...
compiling usart2.c...
compiling usart1.c...
..\code\usart1.c(94): warning:  #177-D: variable "Data_char_usart2" was declared but never referenced
compiling core_cm3.c...
compiling system_stm32f10x.c...
compiling misc.c...
compiling stm32f10x_adc.c...
compiling stm32f10x_bkp.c...
compiling stm32f10x_can.c...
compiling stm32f10x_cec.c...
compiling stm32f10x_crc.c...
compiling stm32f10x_dac.c...
compiling stm32f10x_dbgmcu.c...
compiling stm32f10x_dma.c...
compiling stm32f10x_exti.c...
compiling stm32f10x_flash.c...
compiling stm32f10x_fsmc.c...
compiling stm32f10x_gpio.c...
compiling stm32f10x_i2c.c...
compiling stm32f10x_iwdg.c...
compiling stm32f10x_pwr.c...
compiling stm32f10x_rcc.c...
compiling stm32f10x_rtc.c...
compiling stm32f10x_sdio.c...
compiling stm32f10x_spi.c...
compiling stm32f10x_tim.c...
compiling stm32f10x_usart.c...
compiling stm32f10x_wwdg.c...
assembling startup_stm32f10x_hd.s...
linking...
Program Size: Code=10704 RO-data=336 RW-data=72 ZI-data=3536  
FromELF: creating hex file...
"..\Hex\stm32.axf" - 0 Error(s), 1 Warning(s).
Load "..\\Hex\\stm32.AXF" 
Rebuild target 'Target 1'
compiling main.c...
compiling stm32_it.c...
compiling delay.c...
compiling gps.c...
compiling usart2.c...
compiling usart1.c...
..\code\usart1.c(94): warning:  #177-D: variable "Data_char_usart2" was declared but never referenced
compiling core_cm3.c...
compiling system_stm32f10x.c...
compiling misc.c...
compiling stm32f10x_adc.c...
compiling stm32f10x_bkp.c...
compiling stm32f10x_can.c...
compiling stm32f10x_cec.c...
compiling stm32f10x_crc.c...
compiling stm32f10x_dac.c...
compiling stm32f10x_dbgmcu.c...
compiling stm32f10x_dma.c...
compiling stm32f10x_exti.c...
compiling stm32f10x_flash.c...
compiling stm32f10x_fsmc.c...
compiling stm32f10x_gpio.c...
compiling stm32f10x_i2c.c...
compiling stm32f10x_iwdg.c...
compiling stm32f10x_pwr.c...
compiling stm32f10x_rcc.c...
compiling stm32f10x_rtc.c...
compiling stm32f10x_sdio.c...
compiling stm32f10x_spi.c...
compiling stm32f10x_tim.c...
compiling stm32f10x_usart.c...
compiling stm32f10x_wwdg.c...
assembling startup_stm32f10x_hd.s...
linking...
Program Size: Code=10704 RO-data=336 RW-data=72 ZI-data=3536  
FromELF: creating hex file...
"..\Hex\stm32.axf" - 0 Error(s), 1 Warning(s).
Load "..\\Hex\\stm32.AXF" 
Rebuild target 'Target 1'
compiling main.c...
compiling stm32_it.c...
compiling delay.c...
compiling gps.c...
compiling usart2.c...
compiling usart1.c...
..\code\usart1.c(94): warning:  #177-D: variable "Data_char_usart2" was declared but never referenced
compiling core_cm3.c...
compiling system_stm32f10x.c...
compiling misc.c...
compiling stm32f10x_adc.c...
compiling stm32f10x_bkp.c...
compiling stm32f10x_can.c...
compiling stm32f10x_cec.c...
compiling stm32f10x_crc.c...
compiling stm32f10x_dac.c...
compiling stm32f10x_dbgmcu.c...
compiling stm32f10x_dma.c...
compiling stm32f10x_exti.c...
compiling stm32f10x_flash.c...
compiling stm32f10x_fsmc.c...
compiling stm32f10x_gpio.c...
compiling stm32f10x_i2c.c...
compiling stm32f10x_iwdg.c...
compiling stm32f10x_pwr.c...
compiling stm32f10x_rcc.c...
compiling stm32f10x_rtc.c...
compiling stm32f10x_sdio.c...
compiling stm32f10x_spi.c...
compiling stm32f10x_tim.c...
compiling stm32f10x_usart.c...
compiling stm32f10x_wwdg.c...
assembling startup_stm32f10x_hd.s...
linking...
Program Size: Code=10704 RO-data=336 RW-data=72 ZI-data=3536  
FromELF: creating hex file...
"..\Hex\stm32.axf" - 0 Error(s), 1 Warning(s).
Load "..\\Hex\\stm32.AXF" 
Rebuild target 'Target 1'
compiling main.c...
compiling stm32_it.c...
compiling delay.c...
compiling gps.c...
compiling usart2.c...
compiling usart1.c...
..\code\usart1.c(94): warning:  #177-D: variable "Data_char_usart2" was declared but never referenced
compiling core_cm3.c...
compiling system_stm32f10x.c...
compiling misc.c...
compiling stm32f10x_adc.c...
compiling stm32f10x_bkp.c...
compiling stm32f10x_can.c...
compiling stm32f10x_cec.c...
compiling stm32f10x_crc.c...
compiling stm32f10x_dac.c...
compiling stm32f10x_dbgmcu.c...
compiling stm32f10x_dma.c...
compiling stm32f10x_exti.c...
compiling stm32f10x_flash.c...
compiling stm32f10x_fsmc.c...
compiling stm32f10x_gpio.c...
compiling stm32f10x_i2c.c...
compiling stm32f10x_iwdg.c...
compiling stm32f10x_pwr.c...
compiling stm32f10x_rcc.c...
compiling stm32f10x_rtc.c...
compiling stm32f10x_sdio.c...
compiling stm32f10x_spi.c...
compiling stm32f10x_tim.c...
compiling stm32f10x_usart.c...
compiling stm32f10x_wwdg.c...
assembling startup_stm32f10x_hd.s...
linking...
Program Size: Code=10712 RO-data=336 RW-data=72 ZI-data=3536  
FromELF: creating hex file...
"..\Hex\stm32.axf" - 0 Error(s), 1 Warning(s).
Load "..\\Hex\\stm32.AXF" 
Rebuild target 'Target 1'
compiling main.c...
compiling stm32_it.c...
compiling delay.c...
compiling gps.c...
compiling usart2.c...
compiling usart1.c...
..\code\usart1.c(94): warning:  #177-D: variable "Data_char_usart2" was declared but never referenced
compiling core_cm3.c...
compiling system_stm32f10x.c...
compiling misc.c...
compiling stm32f10x_adc.c...
compiling stm32f10x_bkp.c...
compiling stm32f10x_can.c...
compiling stm32f10x_cec.c...
compiling stm32f10x_crc.c...
compiling stm32f10x_dac.c...
compiling stm32f10x_dbgmcu.c...
compiling stm32f10x_dma.c...
compiling stm32f10x_exti.c...
compiling stm32f10x_flash.c...
compiling stm32f10x_fsmc.c...
compiling stm32f10x_gpio.c...
compiling stm32f10x_i2c.c...
compiling stm32f10x_iwdg.c...
compiling stm32f10x_pwr.c...
compiling stm32f10x_rcc.c...
compiling stm32f10x_rtc.c...
compiling stm32f10x_sdio.c...
compiling stm32f10x_spi.c...
compiling stm32f10x_tim.c...
compiling stm32f10x_usart.c...
compiling stm32f10x_wwdg.c...
assembling startup_stm32f10x_hd.s...
linking...
Program Size: Code=10732 RO-data=336 RW-data=72 ZI-data=3536  
FromELF: creating hex file...
"..\Hex\stm32.axf" - 0 Error(s), 1 Warning(s).
Load "..\\Hex\\stm32.AXF" 
Rebuild target 'Target 1'
compiling main.c...
compiling stm32_it.c...
compiling delay.c...
compiling gps.c...
compiling usart2.c...
compiling usart1.c...
..\code\usart1.c(94): warning:  #177-D: variable "Data_char_usart2" was declared but never referenced
compiling core_cm3.c...
compiling system_stm32f10x.c...
compiling misc.c...
compiling stm32f10x_adc.c...
compiling stm32f10x_bkp.c...
compiling stm32f10x_can.c...
compiling stm32f10x_cec.c...
compiling stm32f10x_crc.c...
compiling stm32f10x_dac.c...
compiling stm32f10x_dbgmcu.c...
compiling stm32f10x_dma.c...
compiling stm32f10x_exti.c...
compiling stm32f10x_flash.c...
compiling stm32f10x_fsmc.c...
compiling stm32f10x_gpio.c...
compiling stm32f10x_i2c.c...
compiling stm32f10x_iwdg.c...
compiling stm32f10x_pwr.c...
compiling stm32f10x_rcc.c...
compiling stm32f10x_rtc.c...
compiling stm32f10x_sdio.c...
compiling stm32f10x_spi.c...
compiling stm32f10x_tim.c...
compiling stm32f10x_usart.c...
compiling stm32f10x_wwdg.c...
assembling startup_stm32f10x_hd.s...
linking...
Program Size: Code=10740 RO-data=336 RW-data=72 ZI-data=3536  
FromELF: creating hex file...
"..\Hex\stm32.axf" - 0 Error(s), 1 Warning(s).
Load "..\\Hex\\stm32.AXF" 
Rebuild target 'Target 1'
compiling main.c...
..\code\main.c(124): error:  #167: argument of type "unsigned char (*)[100]" is incompatible with parameter of type "unsigned char *"
compiling stm32_it.c...
compiling delay.c...
compiling gps.c...
compiling usart2.c...
compiling usart1.c...
..\code\usart1.c(94): warning:  #177-D: variable "Data_char_usart2" was declared but never referenced
compiling core_cm3.c...
compiling system_stm32f10x.c...
compiling misc.c...
compiling stm32f10x_adc.c...
compiling stm32f10x_bkp.c...
compiling stm32f10x_can.c...
compiling stm32f10x_cec.c...
compiling stm32f10x_crc.c...
compiling stm32f10x_dac.c...
compiling stm32f10x_dbgmcu.c...
compiling stm32f10x_dma.c...
compiling stm32f10x_exti.c...
compiling stm32f10x_flash.c...
compiling stm32f10x_fsmc.c...
compiling stm32f10x_gpio.c...
compiling stm32f10x_i2c.c...
compiling stm32f10x_iwdg.c...
compiling stm32f10x_pwr.c...
compiling stm32f10x_rcc.c...
compiling stm32f10x_rtc.c...
compiling stm32f10x_sdio.c...
compiling stm32f10x_spi.c...
compiling stm32f10x_tim.c...
compiling stm32f10x_usart.c...
compiling stm32f10x_wwdg.c...
assembling startup_stm32f10x_hd.s...
Target not created
Build target 'Target 1'
compiling main.c...
..\code\main.c(124): error:  #167: argument of type "unsigned char (*)[100]" is incompatible with parameter of type "unsigned char *"
Target not created
Build target 'Target 1'
compiling main.c...
..\code\main.c(124): error:  #167: argument of type "unsigned char (*)[100]" is incompatible with parameter of type "unsigned char **"
compiling usart1.c...
..\code\usart1.c(94): warning:  #177-D: variable "Data_char_usart2" was declared but never referenced
Target not created
Build target 'Target 1'
compiling main.c...
..\code\main.c(66): warning:  #223-D: function "molloc" declared implicitly
..\code\main.c(66): error:  #513: a value of type "unsigned char *" cannot be assigned to an entity of type "unsigned char"
Target not created
Build target 'Target 1'
compiling main.c...
..\code\main.c(12): error:  #5: cannot open source input file "malloc.h": No such file or directory
Target not created
Build target 'Target 1'
compiling main.c...
..\code\main.c(12): error:  #5: cannot open source input file "malloc.h": No such file or directory
Target not created
Build target 'Target 1'
compiling main.c...
linking...
Program Size: Code=10736 RO-data=336 RW-data=76 ZI-data=3436  
FromELF: creating hex file...
"..\Hex\stm32.axf" - 0 Error(s), 0 Warning(s).
Load "..\\Hex\\stm32.AXF" 
Build target 'Target 1'
compiling main.c...
..\code\main.c(124): error:  #167: argument of type "unsigned char (*)[100]" is incompatible with parameter of type "unsigned char *"
compiling usart1.c...
..\code\usart1.c(94): warning:  #177-D: variable "Data_char_usart2" was declared but never referenced
Target not created
Build target 'Target 1'
compiling main.c...
linking...
Program Size: Code=10732 RO-data=336 RW-data=72 ZI-data=3536  
FromELF: creating hex file...
"..\Hex\stm32.axf" - 0 Error(s), 0 Warning(s).
Load "..\\Hex\\stm32.AXF" 
Rebuild target 'Target 1'
compiling main.c...
compiling stm32_it.c...
compiling delay.c...
compiling gps.c...
compiling usart2.c...
compiling usart1.c...
..\code\usart1.c(94): warning:  #177-D: variable "Data_char_usart2" was declared but never referenced
compiling core_cm3.c...
compiling system_stm32f10x.c...
compiling misc.c...
compiling stm32f10x_adc.c...
compiling stm32f10x_bkp.c...
compiling stm32f10x_can.c...
compiling stm32f10x_cec.c...
compiling stm32f10x_crc.c...
compiling stm32f10x_dac.c...
compiling stm32f10x_dbgmcu.c...
compiling stm32f10x_dma.c...
compiling stm32f10x_exti.c...
compiling stm32f10x_flash.c...
compiling stm32f10x_fsmc.c...
compiling stm32f10x_gpio.c...
compiling stm32f10x_i2c.c...
compiling stm32f10x_iwdg.c...
compiling stm32f10x_pwr.c...
compiling stm32f10x_rcc.c...
compiling stm32f10x_rtc.c...
compiling stm32f10x_sdio.c...
compiling stm32f10x_spi.c...
compiling stm32f10x_tim.c...
compiling stm32f10x_usart.c...
compiling stm32f10x_wwdg.c...
assembling startup_stm32f10x_hd.s...
linking...
Program Size: Code=10740 RO-data=336 RW-data=72 ZI-data=3536  
FromELF: creating hex file...
"..\Hex\stm32.axf" - 0 Error(s), 1 Warning(s).
Rebuild target 'Target 1'
compiling main.c...
compiling stm32_it.c...
compiling delay.c...
compiling gps.c...
compiling usart2.c...
compiling usart1.c...
..\code\usart1.c(94): warning:  #177-D: variable "Data_char_usart2" was declared but never referenced
compiling core_cm3.c...
compiling system_stm32f10x.c...
compiling misc.c...
compiling stm32f10x_adc.c...
compiling stm32f10x_bkp.c...
compiling stm32f10x_can.c...
compiling stm32f10x_cec.c...
compiling stm32f10x_crc.c...
compiling stm32f10x_dac.c...
compiling stm32f10x_dbgmcu.c...
compiling stm32f10x_dma.c...
compiling stm32f10x_exti.c...
compiling stm32f10x_flash.c...
compiling stm32f10x_fsmc.c...
compiling stm32f10x_gpio.c...
compiling stm32f10x_i2c.c...
compiling stm32f10x_iwdg.c...
compiling stm32f10x_pwr.c...
compiling stm32f10x_rcc.c...
compiling stm32f10x_rtc.c...
compiling stm32f10x_sdio.c...
compiling stm32f10x_spi.c...
compiling stm32f10x_tim.c...
compiling stm32f10x_usart.c...
compiling stm32f10x_wwdg.c...
assembling startup_stm32f10x_hd.s...
linking...
Program Size: Code=10740 RO-data=336 RW-data=72 ZI-data=3536  
FromELF: creating hex file...
"..\Hex\stm32.axf" - 0 Error(s), 1 Warning(s).
Build target 'Target 1'
compiling usart1.c...
..\code\usart1.c(94): warning:  #177-D: variable "Data_char_usart2" was declared but never referenced
linking...
Program Size: Code=10740 RO-data=336 RW-data=72 ZI-data=3536  
FromELF: creating hex file...
"..\Hex\stm32.axf" - 0 Error(s), 1 Warning(s).
Load "..\\Hex\\stm32.AXF" 
Rebuild target 'Target 1'
compiling main.c...
compiling stm32_it.c...
compiling delay.c...
compiling gps.c...
compiling usart2.c...
compiling usart1.c...
..\code\usart1.c(94): warning:  #177-D: variable "Data_char_usart2" was declared but never referenced
compiling core_cm3.c...
compiling system_stm32f10x.c...
compiling misc.c...
compiling stm32f10x_adc.c...
compiling stm32f10x_bkp.c...
compiling stm32f10x_can.c...
compiling stm32f10x_cec.c...
compiling stm32f10x_crc.c...
compiling stm32f10x_dac.c...
compiling stm32f10x_dbgmcu.c...
compiling stm32f10x_dma.c...
compiling stm32f10x_exti.c...
compiling stm32f10x_flash.c...
compiling stm32f10x_fsmc.c...
compiling stm32f10x_gpio.c...
compiling stm32f10x_i2c.c...
compiling stm32f10x_iwdg.c...
compiling stm32f10x_pwr.c...
compiling stm32f10x_rcc.c...
compiling stm32f10x_rtc.c...
compiling stm32f10x_sdio.c...
compiling stm32f10x_spi.c...
compiling stm32f10x_tim.c...
compiling stm32f10x_usart.c...
compiling stm32f10x_wwdg.c...
assembling startup_stm32f10x_hd.s...
linking...
Program Size: Code=10720 RO-data=336 RW-data=72 ZI-data=3536  
FromELF: creating hex file...
"..\Hex\stm32.axf" - 0 Error(s), 1 Warning(s).
Load "..\\Hex\\stm32.AXF" 
Build target 'Target 1'
compiling usart1.c...
..\code\usart1.c(94): warning:  #177-D: variable "Data_char_usart2" was declared but never referenced
linking...
Program Size: Code=10768 RO-data=336 RW-data=72 ZI-data=3536  
FromELF: creating hex file...
"..\Hex\stm32.axf" - 0 Error(s), 1 Warning(s).
Load "..\\Hex\\stm32.AXF" 
Rebuild target 'Target 1'
compiling main.c...
compiling stm32_it.c...
compiling delay.c...
compiling gps.c...
compiling usart2.c...
compiling usart1.c...
..\code\usart1.c(94): warning:  #177-D: variable "Data_char_usart2" was declared but never referenced
compiling core_cm3.c...
compiling system_stm32f10x.c...
compiling misc.c...
compiling stm32f10x_adc.c...
compiling stm32f10x_bkp.c...
compiling stm32f10x_can.c...
compiling stm32f10x_cec.c...
compiling stm32f10x_crc.c...
compiling stm32f10x_dac.c...
compiling stm32f10x_dbgmcu.c...
compiling stm32f10x_dma.c...
compiling stm32f10x_exti.c...
compiling stm32f10x_flash.c...
compiling stm32f10x_fsmc.c...
compiling stm32f10x_gpio.c...
compiling stm32f10x_i2c.c...
compiling stm32f10x_iwdg.c...
compiling stm32f10x_pwr.c...
compiling stm32f10x_rcc.c...
compiling stm32f10x_rtc.c...
compiling stm32f10x_sdio.c...
compiling stm32f10x_spi.c...
compiling stm32f10x_tim.c...
compiling stm32f10x_usart.c...
compiling stm32f10x_wwdg.c...
assembling startup_stm32f10x_hd.s...
linking...
Program Size: Code=10776 RO-data=336 RW-data=72 ZI-data=3536  
FromELF: creating hex file...
"..\Hex\stm32.axf" - 0 Error(s), 1 Warning(s).
Rebuild target 'Target 1'
compiling main.c...
compiling stm32_it.c...
compiling delay.c...
compiling gps.c...
compiling usart2.c...
compiling usart1.c...
..\code\usart1.c(94): warning:  #177-D: variable "Data_char_usart2" was declared but never referenced
compiling core_cm3.c...
compiling system_stm32f10x.c...
compiling misc.c...
compiling stm32f10x_adc.c...
compiling stm32f10x_bkp.c...
compiling stm32f10x_can.c...
compiling stm32f10x_cec.c...
compiling stm32f10x_crc.c...
compiling stm32f10x_dac.c...
compiling stm32f10x_dbgmcu.c...
compiling stm32f10x_dma.c...
compiling stm32f10x_exti.c...
compiling stm32f10x_flash.c...
compiling stm32f10x_fsmc.c...
compiling stm32f10x_gpio.c...
compiling stm32f10x_i2c.c...
compiling stm32f10x_iwdg.c...
compiling stm32f10x_pwr.c...
compiling stm32f10x_rcc.c...
compiling stm32f10x_rtc.c...
compiling stm32f10x_sdio.c...
compiling stm32f10x_spi.c...
compiling stm32f10x_tim.c...
compiling stm32f10x_usart.c...
compiling stm32f10x_wwdg.c...
assembling startup_stm32f10x_hd.s...
linking...
Program Size: Code=10804 RO-data=336 RW-data=72 ZI-data=3536  
FromELF: creating hex file...
"..\Hex\stm32.axf" - 0 Error(s), 1 Warning(s).
Load "..\\Hex\\stm32.AXF" 
Rebuild target 'Target 1'
compiling main.c...
compiling stm32_it.c...
compiling delay.c...
compiling gps.c...
compiling usart2.c...
compiling usart1.c...
..\code\usart1.c(94): warning:  #177-D: variable "Data_char_usart2" was declared but never referenced
compiling core_cm3.c...
compiling system_stm32f10x.c...
compiling misc.c...
compiling stm32f10x_adc.c...
compiling stm32f10x_bkp.c...
compiling stm32f10x_can.c...
compiling stm32f10x_cec.c...
compiling stm32f10x_crc.c...
compiling stm32f10x_dac.c...
compiling stm32f10x_dbgmcu.c...
compiling stm32f10x_dma.c...
compiling stm32f10x_exti.c...
compiling stm32f10x_flash.c...
compiling stm32f10x_fsmc.c...
compiling stm32f10x_gpio.c...
compiling stm32f10x_i2c.c...
compiling stm32f10x_iwdg.c...
compiling stm32f10x_pwr.c...
compiling stm32f10x_rcc.c...
compiling stm32f10x_rtc.c...
compiling stm32f10x_sdio.c...
compiling stm32f10x_spi.c...
compiling stm32f10x_tim.c...
compiling stm32f10x_usart.c...
compiling stm32f10x_wwdg.c...
assembling startup_stm32f10x_hd.s...
linking...
Program Size: Code=10808 RO-data=336 RW-data=72 ZI-data=3536  
FromELF: creating hex file...
"..\Hex\stm32.axf" - 0 Error(s), 1 Warning(s).
Load "..\\Hex\\stm32.AXF" 
Rebuild target 'Target 1'
compiling main.c...
compiling stm32_it.c...
compiling delay.c...
compiling gps.c...
compiling usart2.c...
compiling usart1.c...
..\code\usart1.c(94): warning:  #177-D: variable "Data_char_usart2" was declared but never referenced
compiling core_cm3.c...
compiling system_stm32f10x.c...
compiling misc.c...
compiling stm32f10x_adc.c...
compiling stm32f10x_bkp.c...
compiling stm32f10x_can.c...
compiling stm32f10x_cec.c...
compiling stm32f10x_crc.c...
compiling stm32f10x_dac.c...
compiling stm32f10x_dbgmcu.c...
compiling stm32f10x_dma.c...
compiling stm32f10x_exti.c...
compiling stm32f10x_flash.c...
compiling stm32f10x_fsmc.c...
compiling stm32f10x_gpio.c...
compiling stm32f10x_i2c.c...
compiling stm32f10x_iwdg.c...
compiling stm32f10x_pwr.c...
compiling stm32f10x_rcc.c...
compiling stm32f10x_rtc.c...
compiling stm32f10x_sdio.c...
compiling stm32f10x_spi.c...
compiling stm32f10x_tim.c...
compiling stm32f10x_usart.c...
compiling stm32f10x_wwdg.c...
assembling startup_stm32f10x_hd.s...
linking...
Program Size: Code=10872 RO-data=336 RW-data=72 ZI-data=3536  
FromELF: creating hex file...
"..\Hex\stm32.axf" - 0 Error(s), 1 Warning(s).
Load "..\\Hex\\stm32.AXF" 
Rebuild target 'Target 1'
compiling main.c...
compiling stm32_it.c...
compiling delay.c...
compiling gps.c...
compiling usart2.c...
compiling usart1.c...
..\code\usart1.c(94): warning:  #177-D: variable "Data_char_usart2" was declared but never referenced
..\code\usart1.c(134): warning:  #167-D: argument of type "char *" is incompatible with parameter of type "unsigned char *"
compiling core_cm3.c...
compiling system_stm32f10x.c...
compiling misc.c...
compiling stm32f10x_adc.c...
compiling stm32f10x_bkp.c...
compiling stm32f10x_can.c...
compiling stm32f10x_cec.c...
compiling stm32f10x_crc.c...
compiling stm32f10x_dac.c...
compiling stm32f10x_dbgmcu.c...
compiling stm32f10x_dma.c...
compiling stm32f10x_exti.c...
compiling stm32f10x_flash.c...
compiling stm32f10x_fsmc.c...
compiling stm32f10x_gpio.c...
compiling stm32f10x_i2c.c...
compiling stm32f10x_iwdg.c...
compiling stm32f10x_pwr.c...
compiling stm32f10x_rcc.c...
compiling stm32f10x_rtc.c...
compiling stm32f10x_sdio.c...
compiling stm32f10x_spi.c...
compiling stm32f10x_tim.c...
compiling stm32f10x_usart.c...
compiling stm32f10x_wwdg.c...
assembling startup_stm32f10x_hd.s...
linking...
Program Size: Code=10884 RO-data=336 RW-data=72 ZI-data=3536  
FromELF: creating hex file...
"..\Hex\stm32.axf" - 0 Error(s), 2 Warning(s).
Load "..\\Hex\\stm32.AXF" 
Rebuild target 'Target 1'
compiling main.c...
compiling stm32_it.c...
compiling delay.c...
compiling gps.c...
compiling usart2.c...
compiling usart1.c...
..\code\usart1.c(94): warning:  #177-D: variable "Data_char_usart2" was declared but never referenced
..\code\usart1.c(136): warning:  #167-D: argument of type "char *" is incompatible with parameter of type "unsigned char *"
compiling core_cm3.c...
compiling system_stm32f10x.c...
compiling misc.c...
compiling stm32f10x_adc.c...
compiling stm32f10x_bkp.c...
compiling stm32f10x_can.c...
compiling stm32f10x_cec.c...
compiling stm32f10x_crc.c...
compiling stm32f10x_dac.c...
compiling stm32f10x_dbgmcu.c...
compiling stm32f10x_dma.c...
compiling stm32f10x_exti.c...
compiling stm32f10x_flash.c...
compiling stm32f10x_fsmc.c...
compiling stm32f10x_gpio.c...
compiling stm32f10x_i2c.c...
compiling stm32f10x_iwdg.c...
compiling stm32f10x_pwr.c...
compiling stm32f10x_rcc.c...
compiling stm32f10x_rtc.c...
compiling stm32f10x_sdio.c...
compiling stm32f10x_spi.c...
compiling stm32f10x_tim.c...
compiling stm32f10x_usart.c...
compiling stm32f10x_wwdg.c...
assembling startup_stm32f10x_hd.s...
linking...
Program Size: Code=10896 RO-data=336 RW-data=72 ZI-data=3536  
FromELF: creating hex file...
"..\Hex\stm32.axf" - 0 Error(s), 2 Warning(s).
Load "..\\Hex\\stm32.AXF" 
Rebuild target 'Target 1'
compiling main.c...
compiling stm32_it.c...
compiling delay.c...
compiling gps.c...
compiling usart2.c...
compiling usart1.c...
..\code\usart1.c(94): warning:  #177-D: variable "Data_char_usart2" was declared but never referenced
..\code\usart1.c(136): warning:  #167-D: argument of type "char *" is incompatible with parameter of type "unsigned char *"
compiling core_cm3.c...
compiling system_stm32f10x.c...
compiling misc.c...
compiling stm32f10x_adc.c...
compiling stm32f10x_bkp.c...
compiling stm32f10x_can.c...
compiling stm32f10x_cec.c...
compiling stm32f10x_crc.c...
compiling stm32f10x_dac.c...
compiling stm32f10x_dbgmcu.c...
compiling stm32f10x_dma.c...
compiling stm32f10x_exti.c...
compiling stm32f10x_flash.c...
compiling stm32f10x_fsmc.c...
compiling stm32f10x_gpio.c...
compiling stm32f10x_i2c.c...
compiling stm32f10x_iwdg.c...
compiling stm32f10x_pwr.c...
compiling stm32f10x_rcc.c...
compiling stm32f10x_rtc.c...
compiling stm32f10x_sdio.c...
compiling stm32f10x_spi.c...
compiling stm32f10x_tim.c...
compiling stm32f10x_usart.c...
compiling stm32f10x_wwdg.c...
assembling startup_stm32f10x_hd.s...
linking...
Program Size: Code=10896 RO-data=336 RW-data=72 ZI-data=3536  
FromELF: creating hex file...
"..\Hex\stm32.axf" - 0 Error(s), 2 Warning(s).
Load "..\\Hex\\stm32.AXF" 
Rebuild target 'Target 1'
compiling main.c...
compiling stm32_it.c...
compiling delay.c...
compiling gps.c...
compiling usart2.c...
compiling usart1.c...
..\code\usart1.c(94): warning:  #177-D: variable "Data_char_usart2" was declared but never referenced
..\code\usart1.c(136): warning:  #167-D: argument of type "char *" is incompatible with parameter of type "unsigned char *"
..\code\usart1.c(173): warning:  #223-D: function "sprintf" declared implicitly
..\code\usart1.c(173): error:  #20: identifier "tmp" is undefined
compiling core_cm3.c...
compiling system_stm32f10x.c...
compiling misc.c...
compiling stm32f10x_adc.c...
compiling stm32f10x_bkp.c...
compiling stm32f10x_can.c...
compiling stm32f10x_cec.c...
compiling stm32f10x_crc.c...
compiling stm32f10x_dac.c...
compiling stm32f10x_dbgmcu.c...
compiling stm32f10x_dma.c...
compiling stm32f10x_exti.c...
compiling stm32f10x_flash.c...
compiling stm32f10x_fsmc.c...
compiling stm32f10x_gpio.c...
compiling stm32f10x_i2c.c...
compiling stm32f10x_iwdg.c...
compiling stm32f10x_pwr.c...
compiling stm32f10x_rcc.c...
compiling stm32f10x_rtc.c...
compiling stm32f10x_sdio.c...
compiling stm32f10x_spi.c...
compiling stm32f10x_tim.c...
compiling stm32f10x_usart.c...
compiling stm32f10x_wwdg.c...
assembling startup_stm32f10x_hd.s...
Target not created
Build target 'Target 1'
compiling usart1.c...
..\code\usart1.c(94): warning:  #177-D: variable "Data_char_usart2" was declared but never referenced
..\code\usart1.c(136): warning:  #167-D: argument of type "char *" is incompatible with parameter of type "unsigned char *"
..\code\usart1.c(173): warning:  #223-D: function "sprintf" declared implicitly
..\code\usart1.c(173): error:  #20: identifier "tmp" is undefined
Target not created
Build target 'Target 1'
compiling main.c...
..\code\main.c(144): warning:  #167-D: argument of type "char *" is incompatible with parameter of type "unsigned char *"
compiling usart1.c...
..\code\usart1.c(94): warning:  #177-D: variable "Data_char_usart2" was declared but never referenced
..\code\usart1.c(136): warning:  #167-D: argument of type "char *" is incompatible with parameter of type "unsigned char *"
..\code\usart1.c(174): error:  #20: identifier "tmp" is undefined
Target not created
Build target 'Target 1'
compiling usart1.c...
..\code\usart1.c(94): warning:  #177-D: variable "Data_char_usart2" was declared but never referenced
..\code\usart1.c(136): warning:  #167-D: argument of type "char *" is incompatible with parameter of type "unsigned char *"
..\code\usart1.c(174): warning:  #167-D: argument of type "char *" is incompatible with parameter of type "unsigned char *"
linking...
Program Size: Code=10928 RO-data=336 RW-data=72 ZI-data=3536  
FromELF: creating hex file...
"..\Hex\stm32.axf" - 0 Error(s), 3 Warning(s).
Load "..\\Hex\\stm32.AXF" 
Rebuild target 'Target 1'
compiling main.c...
..\code\main.c(144): warning:  #167-D: argument of type "char *" is incompatible with parameter of type "unsigned char *"
compiling stm32_it.c...
compiling delay.c...
compiling gps.c...
compiling usart2.c...
compiling usart1.c...
..\code\usart1.c(94): warning:  #177-D: variable "Data_char_usart2" was declared but never referenced
..\code\usart1.c(136): warning:  #167-D: argument of type "char *" is incompatible with parameter of type "unsigned char *"
..\code\usart1.c(175): warning:  #167-D: argument of type "char *" is incompatible with parameter of type "unsigned char *"
compiling core_cm3.c...
compiling system_stm32f10x.c...
compiling misc.c...
compiling stm32f10x_adc.c...
compiling stm32f10x_bkp.c...
compiling stm32f10x_can.c...
compiling stm32f10x_cec.c...
compiling stm32f10x_crc.c...
compiling stm32f10x_dac.c...
compiling stm32f10x_dbgmcu.c...
compiling stm32f10x_dma.c...
compiling stm32f10x_exti.c...
compiling stm32f10x_flash.c...
compiling stm32f10x_fsmc.c...
compiling stm32f10x_gpio.c...
compiling stm32f10x_i2c.c...
compiling stm32f10x_iwdg.c...
compiling stm32f10x_pwr.c...
compiling stm32f10x_rcc.c...
compiling stm32f10x_rtc.c...
compiling stm32f10x_sdio.c...
compiling stm32f10x_spi.c...
compiling stm32f10x_tim.c...
compiling stm32f10x_usart.c...
compiling stm32f10x_wwdg.c...
assembling startup_stm32f10x_hd.s...
linking...
Program Size: Code=10944 RO-data=336 RW-data=72 ZI-data=3536  
FromELF: creating hex file...
"..\Hex\stm32.axf" - 0 Error(s), 4 Warning(s).
Load "..\\Hex\\stm32.AXF" 
Rebuild target 'Target 1'
compiling main.c...
..\code\main.c(144): warning:  #167-D: argument of type "char *" is incompatible with parameter of type "unsigned char *"
compiling stm32_it.c...
compiling delay.c...
compiling gps.c...
compiling usart2.c...
compiling usart1.c...
..\code\usart1.c(94): warning:  #177-D: variable "Data_char_usart2" was declared but never referenced
..\code\usart1.c(136): warning:  #167-D: argument of type "char *" is incompatible with parameter of type "unsigned char *"
..\code\usart1.c(174): warning:  #192-D: unrecognized character escape sequence
compiling core_cm3.c...
compiling system_stm32f10x.c...
compiling misc.c...
compiling stm32f10x_adc.c...
compiling stm32f10x_bkp.c...
compiling stm32f10x_can.c...
compiling stm32f10x_cec.c...
compiling stm32f10x_crc.c...
compiling stm32f10x_dac.c...
compiling stm32f10x_dbgmcu.c...
compiling stm32f10x_dma.c...
compiling stm32f10x_exti.c...
compiling stm32f10x_flash.c...
compiling stm32f10x_fsmc.c...
compiling stm32f10x_gpio.c...
compiling stm32f10x_i2c.c...
compiling stm32f10x_iwdg.c...
compiling stm32f10x_pwr.c...
compiling stm32f10x_rcc.c...
compiling stm32f10x_rtc.c...
compiling stm32f10x_sdio.c...
compiling stm32f10x_spi.c...
compiling stm32f10x_tim.c...
compiling stm32f10x_usart.c...
compiling stm32f10x_wwdg.c...
assembling startup_stm32f10x_hd.s...
linking...
Program Size: Code=10940 RO-data=336 RW-data=72 ZI-data=3536  
FromELF: creating hex file...
"..\Hex\stm32.axf" - 0 Error(s), 4 Warning(s).
Load "..\\Hex\\stm32.AXF" 
Rebuild target 'Target 1'
compiling main.c...
..\code\main.c(144): warning:  #167-D: argument of type "char *" is incompatible with parameter of type "unsigned char *"
compiling stm32_it.c...
compiling delay.c...
compiling gps.c...
compiling usart2.c...
compiling usart1.c...
..\code\usart1.c(94): warning:  #177-D: variable "Data_char_usart2" was declared but never referenced
..\code\usart1.c(136): warning:  #167-D: argument of type "char *" is incompatible with parameter of type "unsigned char *"
compiling core_cm3.c...
compiling system_stm32f10x.c...
compiling misc.c...
compiling stm32f10x_adc.c...
compiling stm32f10x_bkp.c...
compiling stm32f10x_can.c...
compiling stm32f10x_cec.c...
compiling stm32f10x_crc.c...
compiling stm32f10x_dac.c...
compiling stm32f10x_dbgmcu.c...
compiling stm32f10x_dma.c...
compiling stm32f10x_exti.c...
compiling stm32f10x_flash.c...
compiling stm32f10x_fsmc.c...
compiling stm32f10x_gpio.c...
compiling stm32f10x_i2c.c...
compiling stm32f10x_iwdg.c...
compiling stm32f10x_pwr.c...
compiling stm32f10x_rcc.c...
compiling stm32f10x_rtc.c...
compiling stm32f10x_sdio.c...
compiling stm32f10x_spi.c...
compiling stm32f10x_tim.c...
compiling stm32f10x_usart.c...
compiling stm32f10x_wwdg.c...
assembling startup_stm32f10x_hd.s...
linking...
Program Size: Code=10932 RO-data=336 RW-data=72 ZI-data=3536  
FromELF: creating hex file...
"..\Hex\stm32.axf" - 0 Error(s), 3 Warning(s).
Load "..\\Hex\\stm32.AXF" 
Rebuild target 'Target 1'
compiling main.c...
..\code\main.c(144): warning:  #167-D: argument of type "char *" is incompatible with parameter of type "unsigned char *"
compiling stm32_it.c...
compiling delay.c...
compiling gps.c...
compiling usart2.c...
compiling usart1.c...
..\code\usart1.c(94): warning:  #177-D: variable "Data_char_usart2" was declared but never referenced
..\code\usart1.c(136): warning:  #167-D: argument of type "char *" is incompatible with parameter of type "unsigned char *"
compiling core_cm3.c...
compiling system_stm32f10x.c...
compiling misc.c...
compiling stm32f10x_adc.c...
compiling stm32f10x_bkp.c...
compiling stm32f10x_can.c...
compiling stm32f10x_cec.c...
compiling stm32f10x_crc.c...
compiling stm32f10x_dac.c...
compiling stm32f10x_dbgmcu.c...
compiling stm32f10x_dma.c...
compiling stm32f10x_exti.c...
compiling stm32f10x_flash.c...
compiling stm32f10x_fsmc.c...
compiling stm32f10x_gpio.c...
compiling stm32f10x_i2c.c...
compiling stm32f10x_iwdg.c...
compiling stm32f10x_pwr.c...
compiling stm32f10x_rcc.c...
compiling stm32f10x_rtc.c...
compiling stm32f10x_sdio.c...
compiling stm32f10x_spi.c...
compiling stm32f10x_tim.c...
compiling stm32f10x_usart.c...
compiling stm32f10x_wwdg.c...
assembling startup_stm32f10x_hd.s...
linking...
Program Size: Code=10940 RO-data=336 RW-data=72 ZI-data=3536  
FromELF: creating hex file...
"..\Hex\stm32.axf" - 0 Error(s), 3 Warning(s).
Load "..\\Hex\\stm32.AXF" 
Build target 'Target 1'
compiling usart1.c...
..\code\usart1.c(94): warning:  #177-D: variable "Data_char_usart2" was declared but never referenced
..\code\usart1.c(136): warning:  #167-D: argument of type "char *" is incompatible with parameter of type "unsigned char *"
linking...
Program Size: Code=10964 RO-data=336 RW-data=72 ZI-data=3536  
FromELF: creating hex file...
"..\Hex\stm32.axf" - 0 Error(s), 2 Warning(s).
Load "..\\Hex\\stm32.AXF" 
Rebuild target 'Target 1'
compiling main.c...
..\code\main.c(144): warning:  #167-D: argument of type "char *" is incompatible with parameter of type "unsigned char *"
compiling stm32_it.c...
compiling delay.c...
compiling gps.c...
compiling usart2.c...
compiling usart1.c...
..\code\usart1.c(94): warning:  #177-D: variable "Data_char_usart2" was declared but never referenced
..\code\usart1.c(110): error:  #169: expected a declaration
..\code\usart1.c(134): warning:  #12-D: parsing restarts here after previous syntax error
..\code\usart1.c(136): warning:  #77-D: this declaration has no storage class or type specifier
..\code\usart1.c(136): error:  #92: identifier-list parameters may only be used in a function definition
..\code\usart1.c(136): error:  #147: declaration is incompatible with "void Usart1_Send(unsigned char *)" (declared at line 35)
..\code\usart1.c(137): error:  #79: expected a type specifier
..\code\usart1.c(137): warning:  #77-D: this declaration has no storage class or type specifier
..\code\usart1.c(137): error:  #147: declaration is incompatible with "void DELAY_MS(volatile u32)" (declared at line 6 of "..\code\delay.h")
..\code\usart1.c(139): error:  #79: expected a type specifier
..\code\usart1.c(139): error:  #79: expected a type specifier
..\code\usart1.c(139): warning:  #77-D: this declaration has no storage class or type specifier
..\code\usart1.c(139): error:  #147: declaration is incompatible with "void USART_SendData(USART_TypeDef *, uint16_t)" (declared at line 378 of "..\Libraries\inc\stm32f10x_usart.h")
..\code\usart1.c(140): error:  #77-D: this declaration has no storage class or type specifier
..\code\usart1.c(140): error:  #147: declaration is incompatible with "unsigned int GSM_Buf_read_index" (declared at line 19)
..\code\usart1.c(140): error:  #28: expression must have a constant value
..\code\usart1.c(141): error:  #169: expected a declaration
..\code\usart1.c(142): error:  #169: expected a declaration
..\code\usart1.c(148): warning:  #12-D: parsing restarts here after previous syntax error
..\code\usart1.c(150): error:  #79: expected a type specifier
..\code\usart1.c(150): warning:  #77-D: this declaration has no storage class or type specifier
..\code\usart1.c(151): error:  #79: expected a type specifier
..\code\usart1.c(151): warning:  #77-D: this declaration has no storage class or type specifier
..\code\usart1.c(152): error:  #79: expected a type specifier
..\code\usart1.c(152): warning:  #77-D: this declaration has no storage class or type specifier
..\code\usart1.c(153): error:  #79: expected a type specifier
..\code\usart1.c(153): error:  #79: expected a type specifier
..\code\usart1.c(153): warning:  #77-D: this declaration has no storage class or type specifier
..\code\usart1.c(155): error:  #79: expected a type specifier
..\code\usart1.c(155): warning:  #77-D: this declaration has no storage class or type specifier
..\code\usart1.c(156): error:  #79: expected a type specifier
..\code\usart1.c(156): error:  #79: expected a type specifier
..\code\usart1.c(156): warning:  #77-D: this declaration has no storage class or type specifier
..\code\usart1.c(157): error:  #79: expected a type specifier
..\code\usart1.c(157): warning:  #77-D: this declaration has no storage class or type specifier
..\code\usart1.c(159): error:  #77-D: this declaration has no storage class or type specifier
..\code\usart1.c(159): error:  #147: declaration is incompatible with "unsigned int GSM_Buf_index" (declared at line 17)
..\code\usart1.c(160): error:  #77-D: this declaration has no storage class or type specifier
..\code\usart1.c(160): error:  #148: variable "GSM_Buf_read_index" has already been initialized
..\code\usart1.c(160): error:  #28: expression must have a constant value
..\code\usart1.c(162): error:  #79: expected a type specifier
..\code\usart1.c(162): warning:  #77-D: this declaration has no storage class or type specifier
..\code\usart1.c(163): error:  #79: expected a type specifier
..\code\usart1.c(163): warning:  #77-D: this declaration has no storage class or type specifier
..\code\usart1.c(164): error:  #79: expected a type specifier
compiling core_cm3.c...
compiling system_stm32f10x.c...
compiling misc.c...
compiling stm32f10x_adc.c...
compiling stm32f10x_bkp.c...
compiling stm32f10x_can.c...
compiling stm32f10x_cec.c...
compiling stm32f10x_crc.c...
compiling stm32f10x_dac.c...
compiling stm32f10x_dbgmcu.c...
compiling stm32f10x_dma.c...
compiling stm32f10x_exti.c...
compiling stm32f10x_flash.c...
compiling stm32f10x_fsmc.c...
compiling stm32f10x_gpio.c...
compiling stm32f10x_i2c.c...
compiling stm32f10x_iwdg.c...
compiling stm32f10x_pwr.c...
compiling stm32f10x_rcc.c...
compiling stm32f10x_rtc.c...
compiling stm32f10x_sdio.c...
compiling stm32f10x_spi.c...
compiling stm32f10x_tim.c...
compiling stm32f10x_usart.c...
compiling stm32f10x_wwdg.c...
assembling startup_stm32f10x_hd.s...
Target not created
Build target 'Target 1'
compiling usart1.c...
..\code\usart1.c(94): warning:  #177-D: variable "Data_char_usart2" was declared but never referenced
..\code\usart1.c(110): error:  #169: expected a declaration
..\code\usart1.c(134): warning:  #12-D: parsing restarts here after previous syntax error
..\code\usart1.c(136): warning:  #77-D: this declaration has no storage class or type specifier
..\code\usart1.c(136): error:  #92: identifier-list parameters may only be used in a function definition
..\code\usart1.c(136): error:  #147: declaration is incompatible with "void Usart1_Send(unsigned char *)" (declared at line 35)
..\code\usart1.c(137): error:  #79: expected a type specifier
..\code\usart1.c(137): warning:  #77-D: this declaration has no storage class or type specifier
..\code\usart1.c(137): error:  #147: declaration is incompatible with "void DELAY_MS(volatile u32)" (declared at line 6 of "..\code\delay.h")
..\code\usart1.c(139): error:  #79: expected a type specifier
..\code\usart1.c(139): error:  #79: expected a type specifier
..\code\usart1.c(139): warning:  #77-D: this declaration has no storage class or type specifier
..\code\usart1.c(139): error:  #147: declaration is incompatible with "void USART_SendData(USART_TypeDef *, uint16_t)" (declared at line 378 of "..\Libraries\inc\stm32f10x_usart.h")
..\code\usart1.c(140): error:  #77-D: this declaration has no storage class or type specifier
..\code\usart1.c(140): error:  #147: declaration is incompatible with "unsigned int GSM_Buf_read_index" (declared at line 19)
..\code\usart1.c(140): error:  #28: expression must have a constant value
..\code\usart1.c(141): error:  #169: expected a declaration
..\code\usart1.c(142): error:  #169: expected a declaration
..\code\usart1.c(148): warning:  #12-D: parsing restarts here after previous syntax error
..\code\usart1.c(150): error:  #79: expected a type specifier
..\code\usart1.c(150): warning:  #77-D: this declaration has no storage class or type specifier
..\code\usart1.c(151): error:  #79: expected a type specifier
..\code\usart1.c(151): warning:  #77-D: this declaration has no storage class or type specifier
..\code\usart1.c(152): error:  #79: expected a type specifier
..\code\usart1.c(152): warning:  #77-D: this declaration has no storage class or type specifier
..\code\usart1.c(153): error:  #79: expected a type specifier
..\code\usart1.c(153): error:  #79: expected a type specifier
..\code\usart1.c(153): warning:  #77-D: this declaration has no storage class or type specifier
..\code\usart1.c(155): error:  #79: expected a type specifier
..\code\usart1.c(155): warning:  #77-D: this declaration has no storage class or type specifier
..\code\usart1.c(156): error:  #79: expected a type specifier
..\code\usart1.c(156): error:  #79: expected a type specifier
..\code\usart1.c(156): warning:  #77-D: this declaration has no storage class or type specifier
..\code\usart1.c(157): error:  #79: expected a type specifier
..\code\usart1.c(157): warning:  #77-D: this declaration has no storage class or type specifier
..\code\usart1.c(159): error:  #77-D: this declaration has no storage class or type specifier
..\code\usart1.c(159): error:  #147: declaration is incompatible with "unsigned int GSM_Buf_index" (declared at line 17)
..\code\usart1.c(160): error:  #77-D: this declaration has no storage class or type specifier
..\code\usart1.c(160): error:  #148: variable "GSM_Buf_read_index" has already been initialized
..\code\usart1.c(160): error:  #28: expression must have a constant value
..\code\usart1.c(162): error:  #79: expected a type specifier
..\code\usart1.c(162): warning:  #77-D: this declaration has no storage class or type specifier
..\code\usart1.c(163): error:  #79: expected a type specifier
..\code\usart1.c(163): warning:  #77-D: this declaration has no storage class or type specifier
..\code\usart1.c(164): error:  #79: expected a type specifier
Target not created
Rebuild target 'Target 1'
compiling main.c...
..\code\main.c(144): warning:  #167-D: argument of type "char *" is incompatible with parameter of type "unsigned char *"
compiling stm32_it.c...
compiling delay.c...
compiling gps.c...
compiling usart2.c...
compiling usart1.c...
..\code\usart1.c(94): warning:  #177-D: variable "Data_char_usart2" was declared but never referenced
..\code\usart1.c(110): error:  #169: expected a declaration
..\code\usart1.c(134): warning:  #12-D: parsing restarts here after previous syntax error
..\code\usart1.c(136): warning:  #77-D: this declaration has no storage class or type specifier
..\code\usart1.c(136): error:  #92: identifier-list parameters may only be used in a function definition
..\code\usart1.c(136): error:  #147: declaration is incompatible with "void Usart1_Send(unsigned char *)" (declared at line 35)
..\code\usart1.c(137): error:  #79: expected a type specifier
..\code\usart1.c(137): warning:  #77-D: this declaration has no storage class or type specifier
..\code\usart1.c(137): error:  #147: declaration is incompatible with "void DELAY_MS(volatile u32)" (declared at line 6 of "..\code\delay.h")
..\code\usart1.c(139): error:  #79: expected a type specifier
..\code\usart1.c(139): error:  #79: expected a type specifier
..\code\usart1.c(139): warning:  #77-D: this declaration has no storage class or type specifier
..\code\usart1.c(139): error:  #147: declaration is incompatible with "void USART_SendData(USART_TypeDef *, uint16_t)" (declared at line 378 of "..\Libraries\inc\stm32f10x_usart.h")
..\code\usart1.c(140): error:  #77-D: this declaration has no storage class or type specifier
..\code\usart1.c(140): error:  #147: declaration is incompatible with "unsigned int GSM_Buf_read_index" (declared at line 19)
..\code\usart1.c(140): error:  #28: expression must have a constant value
..\code\usart1.c(141): error:  #169: expected a declaration
..\code\usart1.c(142): error:  #169: expected a declaration
..\code\usart1.c(148): warning:  #12-D: parsing restarts here after previous syntax error
..\code\usart1.c(150): error:  #79: expected a type specifier
..\code\usart1.c(150): warning:  #77-D: this declaration has no storage class or type specifier
..\code\usart1.c(151): error:  #79: expected a type specifier
..\code\usart1.c(151): warning:  #77-D: this declaration has no storage class or type specifier
..\code\usart1.c(152): error:  #79: expected a type specifier
..\code\usart1.c(152): warning:  #77-D: this declaration has no storage class or type specifier
..\code\usart1.c(153): error:  #79: expected a type specifier
..\code\usart1.c(153): error:  #79: expected a type specifier
..\code\usart1.c(153): warning:  #77-D: this declaration has no storage class or type specifier
..\code\usart1.c(155): error:  #79: expected a type specifier
..\code\usart1.c(155): warning:  #77-D: this declaration has no storage class or type specifier
..\code\usart1.c(156): error:  #79: expected a type specifier
..\code\usart1.c(156): error:  #79: expected a type specifier
..\code\usart1.c(156): warning:  #77-D: this declaration has no storage class or type specifier
..\code\usart1.c(157): error:  #79: expected a type specifier
..\code\usart1.c(157): warning:  #77-D: this declaration has no storage class or type specifier
..\code\usart1.c(159): error:  #77-D: this declaration has no storage class or type specifier
..\code\usart1.c(159): error:  #147: declaration is incompatible with "unsigned int GSM_Buf_index" (declared at line 17)
..\code\usart1.c(160): error:  #77-D: this declaration has no storage class or type specifier
..\code\usart1.c(160): error:  #148: variable "GSM_Buf_read_index" has already been initialized
..\code\usart1.c(160): error:  #28: expression must have a constant value
..\code\usart1.c(162): error:  #79: expected a type specifier
..\code\usart1.c(162): warning:  #77-D: this declaration has no storage class or type specifier
..\code\usart1.c(163): error:  #79: expected a type specifier
..\code\usart1.c(163): warning:  #77-D: this declaration has no storage class or type specifier
..\code\usart1.c(164): error:  #79: expected a type specifier
compiling core_cm3.c...
compiling system_stm32f10x.c...
compiling misc.c...
compiling stm32f10x_adc.c...
compiling stm32f10x_bkp.c...
compiling stm32f10x_can.c...
compiling stm32f10x_cec.c...
compiling stm32f10x_crc.c...
compiling stm32f10x_dac.c...
compiling stm32f10x_dbgmcu.c...
compiling stm32f10x_dma.c...
compiling stm32f10x_exti.c...
compiling stm32f10x_flash.c...
compiling stm32f10x_fsmc.c...
compiling stm32f10x_gpio.c...
compiling stm32f10x_i2c.c...
compiling stm32f10x_iwdg.c...
compiling stm32f10x_pwr.c...
compiling stm32f10x_rcc.c...
compiling stm32f10x_rtc.c...
compiling stm32f10x_sdio.c...
compiling stm32f10x_spi.c...
compiling stm32f10x_tim.c...
compiling stm32f10x_usart.c...
compiling stm32f10x_wwdg.c...
assembling startup_stm32f10x_hd.s...
Target not created
Build target 'Target 1'
compiling usart1.c...
..\code\usart1.c(94): warning:  #177-D: variable "Data_char_usart2" was declared but never referenced
..\code\usart1.c(110): error:  #169: expected a declaration
..\code\usart1.c(134): warning:  #12-D: parsing restarts here after previous syntax error
..\code\usart1.c(136): warning:  #77-D: this declaration has no storage class or type specifier
..\code\usart1.c(136): error:  #92: identifier-list parameters may only be used in a function definition
..\code\usart1.c(136): error:  #147: declaration is incompatible with "void Usart1_Send(unsigned char *)" (declared at line 35)
..\code\usart1.c(137): error:  #79: expected a type specifier
..\code\usart1.c(137): warning:  #77-D: this declaration has no storage class or type specifier
..\code\usart1.c(137): error:  #147: declaration is incompatible with "void DELAY_MS(volatile u32)" (declared at line 6 of "..\code\delay.h")
..\code\usart1.c(139): error:  #79: expected a type specifier
..\code\usart1.c(139): error:  #79: expected a type specifier
..\code\usart1.c(139): warning:  #77-D: this declaration has no storage class or type specifier
..\code\usart1.c(139): error:  #147: declaration is incompatible with "void USART_SendData(USART_TypeDef *, uint16_t)" (declared at line 378 of "..\Libraries\inc\stm32f10x_usart.h")
..\code\usart1.c(140): error:  #77-D: this declaration has no storage class or type specifier
..\code\usart1.c(140): error:  #147: declaration is incompatible with "unsigned int GSM_Buf_read_index" (declared at line 19)
..\code\usart1.c(140): error:  #28: expression must have a constant value
..\code\usart1.c(141): error:  #169: expected a declaration
..\code\usart1.c(142): error:  #169: expected a declaration
..\code\usart1.c(148): warning:  #12-D: parsing restarts here after previous syntax error
..\code\usart1.c(150): error:  #79: expected a type specifier
..\code\usart1.c(150): warning:  #77-D: this declaration has no storage class or type specifier
..\code\usart1.c(151): error:  #79: expected a type specifier
..\code\usart1.c(151): warning:  #77-D: this declaration has no storage class or type specifier
..\code\usart1.c(152): error:  #79: expected a type specifier
..\code\usart1.c(152): warning:  #77-D: this declaration has no storage class or type specifier
..\code\usart1.c(153): error:  #79: expected a type specifier
..\code\usart1.c(153): error:  #79: expected a type specifier
..\code\usart1.c(153): warning:  #77-D: this declaration has no storage class or type specifier
..\code\usart1.c(155): error:  #79: expected a type specifier
..\code\usart1.c(155): warning:  #77-D: this declaration has no storage class or type specifier
..\code\usart1.c(156): error:  #79: expected a type specifier
..\code\usart1.c(156): error:  #79: expected a type specifier
..\code\usart1.c(156): warning:  #77-D: this declaration has no storage class or type specifier
..\code\usart1.c(157): error:  #79: expected a type specifier
..\code\usart1.c(157): warning:  #77-D: this declaration has no storage class or type specifier
..\code\usart1.c(159): error:  #77-D: this declaration has no storage class or type specifier
..\code\usart1.c(159): error:  #147: declaration is incompatible with "unsigned int GSM_Buf_index" (declared at line 17)
..\code\usart1.c(160): error:  #77-D: this declaration has no storage class or type specifier
..\code\usart1.c(160): error:  #148: variable "GSM_Buf_read_index" has already been initialized
..\code\usart1.c(162): error:  #79: expected a type specifier
..\code\usart1.c(162): warning:  #77-D: this declaration has no storage class or type specifier
..\code\usart1.c(163): error:  #79: expected a type specifier
..\code\usart1.c(163): warning:  #77-D: this declaration has no storage class or type specifier
..\code\usart1.c(164): error:  #79: expected a type specifier
..\code\usart1.c(164): warning:  #77-D: this declaration has no storage class or type specifier
..\code\usart1.c(166): error:  #169: expected a declaration
Target not created
Build target 'Target 1'
compiling usart1.c...
..\code\usart1.c(136): warning:  #167-D: argument of type "char *" is incompatible with parameter of type "unsigned char *"
linking...
Program Size: Code=10940 RO-data=336 RW-data=72 ZI-data=3536  
FromELF: creating hex file...
"..\Hex\stm32.axf" - 0 Error(s), 1 Warning(s).
Load "..\\Hex\\stm32.AXF" 
Rebuild target 'Target 1'
compiling main.c...
..\code\main.c(144): warning:  #167-D: argument of type "char *" is incompatible with parameter of type "unsigned char *"
compiling stm32_it.c...
compiling delay.c...
compiling gps.c...
compiling usart2.c...
compiling usart1.c...
..\code\usart1.c(136): warning:  #167-D: argument of type "char *" is incompatible with parameter of type "unsigned char *"
compiling core_cm3.c...
compiling system_stm32f10x.c...
compiling misc.c...
compiling stm32f10x_adc.c...
compiling stm32f10x_bkp.c...
compiling stm32f10x_can.c...
compiling stm32f10x_cec.c...
compiling stm32f10x_crc.c...
compiling stm32f10x_dac.c...
compiling stm32f10x_dbgmcu.c...
compiling stm32f10x_dma.c...
compiling stm32f10x_exti.c...
compiling stm32f10x_flash.c...
compiling stm32f10x_fsmc.c...
compiling stm32f10x_gpio.c...
compiling stm32f10x_i2c.c...
compiling stm32f10x_iwdg.c...
compiling stm32f10x_pwr.c...
compiling stm32f10x_rcc.c...
compiling stm32f10x_rtc.c...
compiling stm32f10x_sdio.c...
compiling stm32f10x_spi.c...
compiling stm32f10x_tim.c...
compiling stm32f10x_usart.c...
compiling stm32f10x_wwdg.c...
assembling startup_stm32f10x_hd.s...
linking...
Program Size: Code=10916 RO-data=336 RW-data=72 ZI-data=3536  
FromELF: creating hex file...
"..\Hex\stm32.axf" - 0 Error(s), 2 Warning(s).
Load "..\\Hex\\stm32.AXF" 
Rebuild target 'Target 1'
compiling main.c...
..\code\main.c(144): warning:  #167-D: argument of type "char *" is incompatible with parameter of type "unsigned char *"
compiling stm32_it.c...
compiling delay.c...
compiling gps.c...
compiling usart2.c...
compiling usart1.c...
..\code\usart1.c(137): warning:  #167-D: argument of type "char *" is incompatible with parameter of type "unsigned char *"
compiling core_cm3.c...
compiling system_stm32f10x.c...
compiling misc.c...
compiling stm32f10x_adc.c...
compiling stm32f10x_bkp.c...
compiling stm32f10x_can.c...
compiling stm32f10x_cec.c...
compiling stm32f10x_crc.c...
compiling stm32f10x_dac.c...
compiling stm32f10x_dbgmcu.c...
compiling stm32f10x_dma.c...
compiling stm32f10x_exti.c...
compiling stm32f10x_flash.c...
compiling stm32f10x_fsmc.c...
compiling stm32f10x_gpio.c...
compiling stm32f10x_i2c.c...
compiling stm32f10x_iwdg.c...
compiling stm32f10x_pwr.c...
compiling stm32f10x_rcc.c...
compiling stm32f10x_rtc.c...
compiling stm32f10x_sdio.c...
compiling stm32f10x_spi.c...
compiling stm32f10x_tim.c...
compiling stm32f10x_usart.c...
compiling stm32f10x_wwdg.c...
assembling startup_stm32f10x_hd.s...
linking...
Program Size: Code=10976 RO-data=336 RW-data=72 ZI-data=3536  
FromELF: creating hex file...
"..\Hex\stm32.axf" - 0 Error(s), 2 Warning(s).
Load "..\\Hex\\stm32.AXF" 
Rebuild target 'Target 1'
compiling main.c...
..\code\main.c(144): warning:  #167-D: argument of type "char *" is incompatible with parameter of type "unsigned char *"
compiling stm32_it.c...
compiling delay.c...
compiling gps.c...
compiling usart2.c...
compiling usart1.c...
..\code\usart1.c(137): warning:  #167-D: argument of type "char *" is incompatible with parameter of type "unsigned char *"
compiling core_cm3.c...
compiling system_stm32f10x.c...
compiling misc.c...
compiling stm32f10x_adc.c...
compiling stm32f10x_bkp.c...
compiling stm32f10x_can.c...
compiling stm32f10x_cec.c...
compiling stm32f10x_crc.c...
compiling stm32f10x_dac.c...
compiling stm32f10x_dbgmcu.c...
compiling stm32f10x_dma.c...
compiling stm32f10x_exti.c...
compiling stm32f10x_flash.c...
compiling stm32f10x_fsmc.c...
compiling stm32f10x_gpio.c...
compiling stm32f10x_i2c.c...
compiling stm32f10x_iwdg.c...
compiling stm32f10x_pwr.c...
compiling stm32f10x_rcc.c...
compiling stm32f10x_rtc.c...
compiling stm32f10x_sdio.c...
compiling stm32f10x_spi.c...
compiling stm32f10x_tim.c...
compiling stm32f10x_usart.c...
compiling stm32f10x_wwdg.c...
assembling startup_stm32f10x_hd.s...
linking...
Program Size: Code=10984 RO-data=336 RW-data=72 ZI-data=3536  
FromELF: creating hex file...
"..\Hex\stm32.axf" - 0 Error(s), 2 Warning(s).
Load "..\\Hex\\stm32.AXF" 
Build target 'Target 1'
compiling usart1.c...
..\code\usart1.c(137): warning:  #167-D: argument of type "char *" is incompatible with parameter of type "unsigned char *"
linking...
Program Size: Code=10976 RO-data=336 RW-data=72 ZI-data=3536  
FromELF: creating hex file...
"..\Hex\stm32.axf" - 0 Error(s), 1 Warning(s).
Load "..\\Hex\\stm32.AXF" 
Rebuild target 'Target 1'
compiling main.c...
..\code\main.c(144): warning:  #167-D: argument of type "char *" is incompatible with parameter of type "unsigned char *"
compiling stm32_it.c...
compiling delay.c...
compiling gps.c...
compiling usart2.c...
compiling usart1.c...
..\code\usart1.c(137): warning:  #167-D: argument of type "char *" is incompatible with parameter of type "unsigned char *"
compiling core_cm3.c...
compiling system_stm32f10x.c...
compiling misc.c...
compiling stm32f10x_adc.c...
compiling stm32f10x_bkp.c...
compiling stm32f10x_can.c...
compiling stm32f10x_cec.c...
compiling stm32f10x_crc.c...
compiling stm32f10x_dac.c...
compiling stm32f10x_dbgmcu.c...
compiling stm32f10x_dma.c...
compiling stm32f10x_exti.c...
compiling stm32f10x_flash.c...
compiling stm32f10x_fsmc.c...
compiling stm32f10x_gpio.c...
compiling stm32f10x_i2c.c...
compiling stm32f10x_iwdg.c...
compiling stm32f10x_pwr.c...
compiling stm32f10x_rcc.c...
compiling stm32f10x_rtc.c...
compiling stm32f10x_sdio.c...
compiling stm32f10x_spi.c...
compiling stm32f10x_tim.c...
compiling stm32f10x_usart.c...
compiling stm32f10x_wwdg.c...
assembling startup_stm32f10x_hd.s...
linking...
Program Size: Code=10904 RO-data=336 RW-data=72 ZI-data=3536  
FromELF: creating hex file...
"..\Hex\stm32.axf" - 0 Error(s), 2 Warning(s).
Load "..\\Hex\\stm32.AXF" 
Rebuild target 'Target 1'
compiling main.c...
..\code\main.c(144): warning:  #167-D: argument of type "char *" is incompatible with parameter of type "unsigned char *"
compiling stm32_it.c...
compiling delay.c...
compiling gps.c...
compiling usart2.c...
compiling usart1.c...
..\code\usart1.c(137): warning:  #167-D: argument of type "char *" is incompatible with parameter of type "unsigned char *"
compiling core_cm3.c...
compiling system_stm32f10x.c...
compiling misc.c...
compiling stm32f10x_adc.c...
compiling stm32f10x_bkp.c...
compiling stm32f10x_can.c...
compiling stm32f10x_cec.c...
compiling stm32f10x_crc.c...
compiling stm32f10x_dac.c...
compiling stm32f10x_dbgmcu.c...
compiling stm32f10x_dma.c...
compiling stm32f10x_exti.c...
compiling stm32f10x_flash.c...
compiling stm32f10x_fsmc.c...
compiling stm32f10x_gpio.c...
compiling stm32f10x_i2c.c...
compiling stm32f10x_iwdg.c...
compiling stm32f10x_pwr.c...
compiling stm32f10x_rcc.c...
compiling stm32f10x_rtc.c...
compiling stm32f10x_sdio.c...
compiling stm32f10x_spi.c...
compiling stm32f10x_tim.c...
compiling stm32f10x_usart.c...
compiling stm32f10x_wwdg.c...
assembling startup_stm32f10x_hd.s...
linking...
Program Size: Code=10964 RO-data=336 RW-data=72 ZI-data=3536  
FromELF: creating hex file...
"..\Hex\stm32.axf" - 0 Error(s), 2 Warning(s).
Build target 'Target 1'
compiling usart1.c...
..\code\usart1.c(137): warning:  #167-D: argument of type "char *" is incompatible with parameter of type "unsigned char *"
linking...
Program Size: Code=10956 RO-data=336 RW-data=72 ZI-data=3536  
FromELF: creating hex file...
"..\Hex\stm32.axf" - 0 Error(s), 1 Warning(s).
Load "..\\Hex\\stm32.AXF" 
Rebuild target 'Target 1'
compiling main.c...
..\code\main.c(144): warning:  #167-D: argument of type "char *" is incompatible with parameter of type "unsigned char *"
compiling stm32_it.c...
compiling delay.c...
compiling gps.c...
compiling usart2.c...
compiling usart1.c...
..\code\usart1.c(137): warning:  #167-D: argument of type "char *" is incompatible with parameter of type "unsigned char *"
compiling core_cm3.c...
compiling system_stm32f10x.c...
compiling misc.c...
compiling stm32f10x_adc.c...
compiling stm32f10x_bkp.c...
compiling stm32f10x_can.c...
compiling stm32f10x_cec.c...
compiling stm32f10x_crc.c...
compiling stm32f10x_dac.c...
compiling stm32f10x_dbgmcu.c...
compiling stm32f10x_dma.c...
compiling stm32f10x_exti.c...
compiling stm32f10x_flash.c...
compiling stm32f10x_fsmc.c...
compiling stm32f10x_gpio.c...
compiling stm32f10x_i2c.c...
compiling stm32f10x_iwdg.c...
compiling stm32f10x_pwr.c...
compiling stm32f10x_rcc.c...
compiling stm32f10x_rtc.c...
compiling stm32f10x_sdio.c...
compiling stm32f10x_spi.c...
compiling stm32f10x_tim.c...
compiling stm32f10x_usart.c...
compiling stm32f10x_wwdg.c...
assembling startup_stm32f10x_hd.s...
linking...
Program Size: Code=10920 RO-data=336 RW-data=72 ZI-data=3536  
FromELF: creating hex file...
"..\Hex\stm32.axf" - 0 Error(s), 2 Warning(s).
Load "..\\Hex\\stm32.AXF" 
Rebuild target 'Target 1'
compiling main.c...
..\code\main.c(144): warning:  #167-D: argument of type "char *" is incompatible with parameter of type "unsigned char *"
compiling stm32_it.c...
compiling delay.c...
compiling gps.c...
compiling usart2.c...
compiling usart1.c...
..\code\usart1.c(137): warning:  #167-D: argument of type "char *" is incompatible with parameter of type "unsigned char *"
compiling core_cm3.c...
compiling system_stm32f10x.c...
compiling misc.c...
compiling stm32f10x_adc.c...
compiling stm32f10x_bkp.c...
compiling stm32f10x_can.c...
compiling stm32f10x_cec.c...
compiling stm32f10x_crc.c...
compiling stm32f10x_dac.c...
compiling stm32f10x_dbgmcu.c...
compiling stm32f10x_dma.c...
compiling stm32f10x_exti.c...
compiling stm32f10x_flash.c...
compiling stm32f10x_fsmc.c...
compiling stm32f10x_gpio.c...
compiling stm32f10x_i2c.c...
compiling stm32f10x_iwdg.c...
compiling stm32f10x_pwr.c...
compiling stm32f10x_rcc.c...
compiling stm32f10x_rtc.c...
compiling stm32f10x_sdio.c...
compiling stm32f10x_spi.c...
compiling stm32f10x_tim.c...
compiling stm32f10x_usart.c...
compiling stm32f10x_wwdg.c...
assembling startup_stm32f10x_hd.s...
linking...
Program Size: Code=10920 RO-data=336 RW-data=72 ZI-data=3536  
FromELF: creating hex file...
"..\Hex\stm32.axf" - 0 Error(s), 2 Warning(s).
Load "..\\Hex\\stm32.AXF" 
Rebuild target 'Target 1'
compiling main.c...
..\code\main.c(144): warning:  #167-D: argument of type "char *" is incompatible with parameter of type "unsigned char *"
compiling stm32_it.c...
compiling delay.c...
compiling gps.c...
compiling usart2.c...
compiling usart1.c...
..\code\usart1.c(137): warning:  #167-D: argument of type "char *" is incompatible with parameter of type "unsigned char *"
compiling core_cm3.c...
compiling system_stm32f10x.c...
compiling misc.c...
compiling stm32f10x_adc.c...
compiling stm32f10x_bkp.c...
compiling stm32f10x_can.c...
compiling stm32f10x_cec.c...
compiling stm32f10x_crc.c...
compiling stm32f10x_dac.c...
compiling stm32f10x_dbgmcu.c...
compiling stm32f10x_dma.c...
compiling stm32f10x_exti.c...
compiling stm32f10x_flash.c...
compiling stm32f10x_fsmc.c...
compiling stm32f10x_gpio.c...
compiling stm32f10x_i2c.c...
compiling stm32f10x_iwdg.c...
compiling stm32f10x_pwr.c...
compiling stm32f10x_rcc.c...
compiling stm32f10x_rtc.c...
compiling stm32f10x_sdio.c...
compiling stm32f10x_spi.c...
compiling stm32f10x_tim.c...
compiling stm32f10x_usart.c...
compiling stm32f10x_wwdg.c...
assembling startup_stm32f10x_hd.s...
linking...
Program Size: Code=10932 RO-data=336 RW-data=72 ZI-data=3536  
FromELF: creating hex file...
"..\Hex\stm32.axf" - 0 Error(s), 2 Warning(s).
Load "..\\Hex\\stm32.AXF" 
Rebuild target 'Target 1'
compiling main.c...
..\code\main.c(144): warning:  #167-D: argument of type "char *" is incompatible with parameter of type "unsigned char *"
compiling stm32_it.c...
compiling delay.c...
compiling gps.c...
compiling usart2.c...
compiling usart1.c...
..\code\usart1.c(137): warning:  #167-D: argument of type "char *" is incompatible with parameter of type "unsigned char *"
..\code\usart1.c(165): error:  #18: expected a ")"
..\code\usart1.c(196): warning:  #12-D: parsing restarts here after previous syntax error
..\code\usart1.c(196): error:  #127: expected a statement
compiling core_cm3.c...
compiling system_stm32f10x.c...
compiling misc.c...
compiling stm32f10x_adc.c...
compiling stm32f10x_bkp.c...
compiling stm32f10x_can.c...
compiling stm32f10x_cec.c...
compiling stm32f10x_crc.c...
compiling stm32f10x_dac.c...
compiling stm32f10x_dbgmcu.c...
compiling stm32f10x_dma.c...
compiling stm32f10x_exti.c...
compiling stm32f10x_flash.c...
compiling stm32f10x_fsmc.c...
compiling stm32f10x_gpio.c...
compiling stm32f10x_i2c.c...
compiling stm32f10x_iwdg.c...
compiling stm32f10x_pwr.c...
compiling stm32f10x_rcc.c...
compiling stm32f10x_rtc.c...
compiling stm32f10x_sdio.c...
compiling stm32f10x_spi.c...
compiling stm32f10x_tim.c...
compiling stm32f10x_usart.c...
compiling stm32f10x_wwdg.c...
assembling startup_stm32f10x_hd.s...
Target not created
Build target 'Target 1'
compiling usart1.c...
..\code\usart1.c(137): warning:  #167-D: argument of type "char *" is incompatible with parameter of type "unsigned char *"
..\code\usart1.c(165): error:  #18: expected a ")"
..\code\usart1.c(196): warning:  #12-D: parsing restarts here after previous syntax error
..\code\usart1.c(196): error:  #127: expected a statement
Target not created
Build target 'Target 1'
compiling usart1.c...
..\code\usart1.c(137): warning:  #167-D: argument of type "char *" is incompatible with parameter of type "unsigned char *"
linking...
Program Size: Code=10932 RO-data=336 RW-data=72 ZI-data=3536  
FromELF: creating hex file...
"..\Hex\stm32.axf" - 0 Error(s), 1 Warning(s).
Load "..\\Hex\\stm32.AXF" 
Rebuild target 'Target 1'
compiling main.c...
..\code\main.c(144): warning:  #167-D: argument of type "char *" is incompatible with parameter of type "unsigned char *"
compiling stm32_it.c...
compiling delay.c...
compiling gps.c...
compiling usart2.c...
compiling usart1.c...
..\code\usart1.c(137): warning:  #167-D: argument of type "char *" is incompatible with parameter of type "unsigned char *"
compiling core_cm3.c...
compiling system_stm32f10x.c...
compiling misc.c...
compiling stm32f10x_adc.c...
compiling stm32f10x_bkp.c...
compiling stm32f10x_can.c...
compiling stm32f10x_cec.c...
compiling stm32f10x_crc.c...
compiling stm32f10x_dac.c...
compiling stm32f10x_dbgmcu.c...
compiling stm32f10x_dma.c...
compiling stm32f10x_exti.c...
compiling stm32f10x_flash.c...
compiling stm32f10x_fsmc.c...
compiling stm32f10x_gpio.c...
compiling stm32f10x_i2c.c...
compiling stm32f10x_iwdg.c...
compiling stm32f10x_pwr.c...
compiling stm32f10x_rcc.c...
compiling stm32f10x_rtc.c...
compiling stm32f10x_sdio.c...
compiling stm32f10x_spi.c...
compiling stm32f10x_tim.c...
compiling stm32f10x_usart.c...
compiling stm32f10x_wwdg.c...
assembling startup_stm32f10x_hd.s...
linking...
Program Size: Code=10912 RO-data=336 RW-data=72 ZI-data=3536  
FromELF: creating hex file...
"..\Hex\stm32.axf" - 0 Error(s), 2 Warning(s).
Load "..\\Hex\\stm32.AXF" 
Rebuild target 'Target 1'
compiling main.c...
..\code\main.c(144): warning:  #167-D: argument of type "char *" is incompatible with parameter of type "unsigned char *"
compiling stm32_it.c...
compiling delay.c...
compiling gps.c...
compiling usart2.c...
compiling usart1.c...
..\code\usart1.c(137): warning:  #167-D: argument of type "char *" is incompatible with parameter of type "unsigned char *"
compiling core_cm3.c...
compiling system_stm32f10x.c...
compiling misc.c...
compiling stm32f10x_adc.c...
compiling stm32f10x_bkp.c...
compiling stm32f10x_can.c...
compiling stm32f10x_cec.c...
compiling stm32f10x_crc.c...
compiling stm32f10x_dac.c...
compiling stm32f10x_dbgmcu.c...
compiling stm32f10x_dma.c...
compiling stm32f10x_exti.c...
compiling stm32f10x_flash.c...
compiling stm32f10x_fsmc.c...
compiling stm32f10x_gpio.c...
compiling stm32f10x_i2c.c...
compiling stm32f10x_iwdg.c...
compiling stm32f10x_pwr.c...
compiling stm32f10x_rcc.c...
compiling stm32f10x_rtc.c...
compiling stm32f10x_sdio.c...
compiling stm32f10x_spi.c...
compiling stm32f10x_tim.c...
compiling stm32f10x_usart.c...
compiling stm32f10x_wwdg.c...
assembling startup_stm32f10x_hd.s...
linking...
Program Size: Code=10884 RO-data=336 RW-data=72 ZI-data=3536  
FromELF: creating hex file...
"..\Hex\stm32.axf" - 0 Error(s), 2 Warning(s).
Build target 'Target 1'
compiling usart1.c...
..\code\usart1.c(137): warning:  #167-D: argument of type "char *" is incompatible with parameter of type "unsigned char *"
linking...
Program Size: Code=10884 RO-data=336 RW-data=72 ZI-data=3536  
FromELF: creating hex file...
"..\Hex\stm32.axf" - 0 Error(s), 1 Warning(s).
Build target 'Target 1'
compiling usart1.c...
..\code\usart1.c(35): error:  #147-D: declaration is incompatible with "void Usart1_Send(unsigned char *)" (declared at line 16 of "..\code\usart1.h")
Target not created
Rebuild target 'Target 1'
compiling main.c...
..\code\main.c(47): warning:  #167-D: argument of type "unsigned char *" is incompatible with parameter of type "char *"
compiling stm32_it.c...
compiling delay.c...
compiling gps.c...
compiling usart2.c...
compiling usart1.c...
compiling core_cm3.c...
compiling system_stm32f10x.c...
compiling misc.c...
compiling stm32f10x_adc.c...
compiling stm32f10x_bkp.c...
compiling stm32f10x_can.c...
compiling stm32f10x_cec.c...
compiling stm32f10x_crc.c...
compiling stm32f10x_dac.c...
compiling stm32f10x_dbgmcu.c...
compiling stm32f10x_dma.c...
compiling stm32f10x_exti.c...
compiling stm32f10x_flash.c...
compiling stm32f10x_fsmc.c...
compiling stm32f10x_gpio.c...
compiling stm32f10x_i2c.c...
compiling stm32f10x_iwdg.c...
compiling stm32f10x_pwr.c...
compiling stm32f10x_rcc.c...
compiling stm32f10x_rtc.c...
compiling stm32f10x_sdio.c...
compiling stm32f10x_spi.c...
compiling stm32f10x_tim.c...
compiling stm32f10x_usart.c...
compiling stm32f10x_wwdg.c...
assembling startup_stm32f10x_hd.s...
linking...
Program Size: Code=10884 RO-data=336 RW-data=72 ZI-data=3536  
FromELF: creating hex file...
"..\Hex\stm32.axf" - 0 Error(s), 1 Warning(s).
Load "..\\Hex\\stm32.AXF" 
Build target 'Target 1'
compiling main.c...
..\code\main.c(124): warning:  #167-D: argument of type "char *" is incompatible with parameter of type "unsigned char *"
..\code\main.c(144): warning:  #167-D: argument of type "char *" is incompatible with parameter of type "unsigned char *"
compiling usart1.c...
..\code\usart1.c(135): warning:  #175-D: subscript out of range
linking...
Program Size: Code=10884 RO-data=336 RW-data=72 ZI-data=2768  
FromELF: creating hex file...
"..\Hex\stm32.axf" - 0 Error(s), 3 Warning(s).
Load "..\\Hex\\stm32.AXF" 
Rebuild target 'Target 1'
compiling main.c...
..\code\main.c(124): warning:  #167-D: argument of type "char *" is incompatible with parameter of type "unsigned char *"
..\code\main.c(144): warning:  #167-D: argument of type "char *" is incompatible with parameter of type "unsigned char *"
compiling stm32_it.c...
compiling delay.c...
compiling gps.c...
compiling usart2.c...
compiling usart1.c...
..\code\usart1.c(135): warning:  #175-D: subscript out of range
compiling core_cm3.c...
compiling system_stm32f10x.c...
compiling misc.c...
compiling stm32f10x_adc.c...
compiling stm32f10x_bkp.c...
compiling stm32f10x_can.c...
compiling stm32f10x_cec.c...
compiling stm32f10x_crc.c...
compiling stm32f10x_dac.c...
compiling stm32f10x_dbgmcu.c...
compiling stm32f10x_dma.c...
compiling stm32f10x_exti.c...
compiling stm32f10x_flash.c...
compiling stm32f10x_fsmc.c...
compiling stm32f10x_gpio.c...
compiling stm32f10x_i2c.c...
compiling stm32f10x_iwdg.c...
compiling stm32f10x_pwr.c...
compiling stm32f10x_rcc.c...
compiling stm32f10x_rtc.c...
compiling stm32f10x_sdio.c...
compiling stm32f10x_spi.c...
compiling stm32f10x_tim.c...
compiling stm32f10x_usart.c...
compiling stm32f10x_wwdg.c...
assembling startup_stm32f10x_hd.s...
linking...
Program Size: Code=10876 RO-data=336 RW-data=72 ZI-data=2768  
FromELF: creating hex file...
"..\Hex\stm32.axf" - 0 Error(s), 3 Warning(s).
Build target 'Target 1'
linking...
Program Size: Code=10876 RO-data=336 RW-data=72 ZI-data=2768  
FromELF: creating hex file...
"..\Hex\stm32.axf" - 0 Error(s), 0 Warning(s).
Load "..\\Hex\\stm32.AXF" 
Build target 'Target 1'
compiling usart1.c...
..\code\usart1.c(135): warning:  #175-D: subscript out of range
..\code\usart1.c(176): warning:  #192-D: unrecognized character escape sequence
linking...
Program Size: Code=10920 RO-data=336 RW-data=72 ZI-data=2768  
FromELF: creating hex file...
"..\Hex\stm32.axf" - 0 Error(s), 2 Warning(s).
Build target 'Target 1'
compiling usart1.c...
linking...
Program Size: Code=10916 RO-data=336 RW-data=72 ZI-data=2768  
FromELF: creating hex file...
"..\Hex\stm32.axf" - 0 Error(s), 0 Warning(s).
Load "..\\Hex\\stm32.AXF" 
compiling usart1.c...
..\code\usart1.c - 0 Error(s), 0 Warning(s).
Build target 'Target 1'
linking...
Program Size: Code=10916 RO-data=336 RW-data=72 ZI-data=2768  
FromELF: creating hex file...
"..\Hex\stm32.axf" - 0 Error(s), 0 Warning(s).
Load "..\\Hex\\stm32.AXF" 
Build target 'Target 1'
compiling usart1.c...
..\code\usart1.c(73): error:  #20: identifier "USART_Uart1" is undefined
..\code\usart1.c(52): warning:  #550-D: variable "USART_Uart" was set but never used
Target not created
Build target 'Target 1'
compiling usart1.c...
linking...
Program Size: Code=10924 RO-data=336 RW-data=72 ZI-data=2768  
FromELF: creating hex file...
"..\Hex\stm32.axf" - 0 Error(s), 0 Warning(s).
Load "..\\Hex\\stm32.AXF" 
Build target 'Target 1'
compiling usart1.c...
linking...
Program Size: Code=10868 RO-data=336 RW-data=72 ZI-data=2768  
FromELF: creating hex file...
"..\Hex\stm32.axf" - 0 Error(s), 0 Warning(s).
Load "..\\Hex\\stm32.AXF" 
Build target 'Target 1'
compiling usart1.c...
linking...
Program Size: Code=10696 RO-data=336 RW-data=72 ZI-data=2768  
FromELF: creating hex file...
"..\Hex\stm32.axf" - 0 Error(s), 0 Warning(s).
Load "..\\Hex\\stm32.AXF" 
Build target 'Target 1'
compiling usart1.c...
..\code\usart1.c(174): warning:  #223-D: function "sprintf" declared implicitly
linking...
Program Size: Code=10716 RO-data=336 RW-data=72 ZI-data=2768  
FromELF: creating hex file...
"..\Hex\stm32.axf" - 0 Error(s), 1 Warning(s).
Load "..\\Hex\\stm32.AXF" 
Build target 'Target 1'
compiling usart1.c...
..\code\usart1.c(174): warning:  #223-D: function "sprintf" declared implicitly
linking...
Program Size: Code=10716 RO-data=336 RW-data=72 ZI-data=2768  
FromELF: creating hex file...
"..\Hex\stm32.axf" - 0 Error(s), 1 Warning(s).
Load "..\\Hex\\stm32.AXF" 
Build target 'Target 1'
compiling main.c...
..\code\main.c(124): warning:  #167-D: argument of type "char *" is incompatible with parameter of type "unsigned char *"
..\code\main.c(144): warning:  #167-D: argument of type "char *" is incompatible with parameter of type "unsigned char *"
linking...
Program Size: Code=10744 RO-data=336 RW-data=72 ZI-data=2768  
FromELF: creating hex file...
"..\Hex\stm32.axf" - 0 Error(s), 2 Warning(s).
Load "..\\Hex\\stm32.AXF" 
Build target 'Target 1'
compiling usart1.c...
linking...
Program Size: Code=10724 RO-data=336 RW-data=72 ZI-data=2768  
FromELF: creating hex file...
"..\Hex\stm32.axf" - 0 Error(s), 0 Warning(s).
Load "..\\Hex\\stm32.AXF" 
Build target 'Target 1'
compiling usart1.c...
..\code\usart1.c(175): warning:  #223-D: function "sprintf" declared implicitly
..\code\usart1.c(175): error:  #20: identifier "strt" is undefined
Target not created
Build target 'Target 1'
compiling usart1.c...
..\code\usart1.c(176): warning:  #223-D: function "sprintf" declared implicitly
linking...
Program Size: Code=10764 RO-data=336 RW-data=72 ZI-data=2768  
FromELF: creating hex file...
"..\Hex\stm32.axf" - 0 Error(s), 1 Warning(s).
Load "..\\Hex\\stm32.AXF" 
Build target 'Target 1'
compiling main.c...
..\code\main.c(124): warning:  #167-D: argument of type "char *" is incompatible with parameter of type "unsigned char *"
..\code\main.c(144): warning:  #167-D: argument of type "char *" is incompatible with parameter of type "unsigned char *"
compiling usart1.c...
..\code\usart1.c(134): warning:  #223-D: function "sprintf" declared implicitly
linking...
Program Size: Code=10640 RO-data=336 RW-data=72 ZI-data=2768  
FromELF: creating hex file...
"..\Hex\stm32.axf" - 0 Error(s), 3 Warning(s).
Load "..\\Hex\\stm32.AXF" 
Build target 'Target 1'
compiling main.c...
..\code\main.c(124): warning:  #167-D: argument of type "char *" is incompatible with parameter of type "unsigned char *"
..\code\main.c(144): warning:  #167-D: argument of type "char *" is incompatible with parameter of type "unsigned char *"
compiling usart1.c...
..\code\usart1.c(134): warning:  #223-D: function "sprintf" declared implicitly
linking...
Program Size: Code=10640 RO-data=336 RW-data=72 ZI-data=2768  
FromELF: creating hex file...
"..\Hex\stm32.axf" - 0 Error(s), 3 Warning(s).
Load "..\\Hex\\stm32.AXF" 
